Archive member included to satisfy reference by file (symbol)

/home/mdlos/.pico-sdk/toolchain/13_3_Rel1/bin/../lib/gcc/arm-none-eabi/13.3.1/thumb/v6-m/nofp/libgcc.a(_dvmd_tls.o)
                              CMakeFiles/DisplayC.dir/home/mdlos/.pico-sdk/sdk/2.1.0/src/rp2_common/pico_divider/divider_hardware.S.o (__aeabi_idiv0)
/home/mdlos/.pico-sdk/toolchain/13_3_Rel1/bin/../lib/gcc/arm-none-eabi/13.3.1/../../../../arm-none-eabi/lib/thumb/v6-m/nofp/libg.a(libc_a-strlen-stub.o)
                              CMakeFiles/DisplayC.dir/home/mdlos/.pico-sdk/sdk/2.1.0/src/rp2_common/pico_stdio/stdio.c.o (strlen)
/home/mdlos/.pico-sdk/toolchain/13_3_Rel1/bin/../lib/gcc/arm-none-eabi/13.3.1/../../../../arm-none-eabi/lib/thumb/v6-m/nofp/libg.a(libc_a-malloc.o)
                              CMakeFiles/DisplayC.dir/home/mdlos/.pico-sdk/sdk/2.1.0/src/rp2_common/pico_malloc/malloc.c.o (malloc)
/home/mdlos/.pico-sdk/toolchain/13_3_Rel1/bin/../lib/gcc/arm-none-eabi/13.3.1/../../../../arm-none-eabi/lib/thumb/v6-m/nofp/libg.a(libc_a-mallocr.o)
                              /home/mdlos/.pico-sdk/toolchain/13_3_Rel1/bin/../lib/gcc/arm-none-eabi/13.3.1/../../../../arm-none-eabi/lib/thumb/v6-m/nofp/libg.a(libc_a-malloc.o) (_malloc_r)
/home/mdlos/.pico-sdk/toolchain/13_3_Rel1/bin/../lib/gcc/arm-none-eabi/13.3.1/../../../../arm-none-eabi/lib/thumb/v6-m/nofp/libg.a(libc_a-lcltime_r.o)
                              CMakeFiles/DisplayC.dir/home/mdlos/.pico-sdk/sdk/2.1.0/src/common/pico_util/datetime.c.o (localtime_r)
/home/mdlos/.pico-sdk/toolchain/13_3_Rel1/bin/../lib/gcc/arm-none-eabi/13.3.1/../../../../arm-none-eabi/lib/thumb/v6-m/nofp/libg.a(libc_a-sbrkr.o)
                              /home/mdlos/.pico-sdk/toolchain/13_3_Rel1/bin/../lib/gcc/arm-none-eabi/13.3.1/../../../../arm-none-eabi/lib/thumb/v6-m/nofp/libg.a(libc_a-mallocr.o) (_sbrk_r)
/home/mdlos/.pico-sdk/toolchain/13_3_Rel1/bin/../lib/gcc/arm-none-eabi/13.3.1/../../../../arm-none-eabi/lib/thumb/v6-m/nofp/libg.a(libc_a-mktime.o)
                              CMakeFiles/DisplayC.dir/home/mdlos/.pico-sdk/sdk/2.1.0/src/common/pico_util/datetime.c.o (mktime)
/home/mdlos/.pico-sdk/toolchain/13_3_Rel1/bin/../lib/gcc/arm-none-eabi/13.3.1/../../../../arm-none-eabi/lib/thumb/v6-m/nofp/libg.a(libc_a-month_lengths.o)
                              /home/mdlos/.pico-sdk/toolchain/13_3_Rel1/bin/../lib/gcc/arm-none-eabi/13.3.1/../../../../arm-none-eabi/lib/thumb/v6-m/nofp/libg.a(libc_a-lcltime_r.o) (__month_lengths)
/home/mdlos/.pico-sdk/toolchain/13_3_Rel1/bin/../lib/gcc/arm-none-eabi/13.3.1/../../../../arm-none-eabi/lib/thumb/v6-m/nofp/libg.a(libc_a-tzcalc_limits.o)
                              /home/mdlos/.pico-sdk/toolchain/13_3_Rel1/bin/../lib/gcc/arm-none-eabi/13.3.1/../../../../arm-none-eabi/lib/thumb/v6-m/nofp/libg.a(libc_a-lcltime_r.o) (__tzcalc_limits)
/home/mdlos/.pico-sdk/toolchain/13_3_Rel1/bin/../lib/gcc/arm-none-eabi/13.3.1/../../../../arm-none-eabi/lib/thumb/v6-m/nofp/libg.a(libc_a-tzlock.o)
                              /home/mdlos/.pico-sdk/toolchain/13_3_Rel1/bin/../lib/gcc/arm-none-eabi/13.3.1/../../../../arm-none-eabi/lib/thumb/v6-m/nofp/libg.a(libc_a-lcltime_r.o) (__tz_lock)
/home/mdlos/.pico-sdk/toolchain/13_3_Rel1/bin/../lib/gcc/arm-none-eabi/13.3.1/../../../../arm-none-eabi/lib/thumb/v6-m/nofp/libg.a(libc_a-tzset.o)
                              /home/mdlos/.pico-sdk/toolchain/13_3_Rel1/bin/../lib/gcc/arm-none-eabi/13.3.1/../../../../arm-none-eabi/lib/thumb/v6-m/nofp/libg.a(libc_a-lcltime_r.o) (_tzset_unlocked)
/home/mdlos/.pico-sdk/toolchain/13_3_Rel1/bin/../lib/gcc/arm-none-eabi/13.3.1/../../../../arm-none-eabi/lib/thumb/v6-m/nofp/libg.a(libc_a-mlock.o)
                              /home/mdlos/.pico-sdk/toolchain/13_3_Rel1/bin/../lib/gcc/arm-none-eabi/13.3.1/../../../../arm-none-eabi/lib/thumb/v6-m/nofp/libg.a(libc_a-mallocr.o) (__malloc_lock)
/home/mdlos/.pico-sdk/toolchain/13_3_Rel1/bin/../lib/gcc/arm-none-eabi/13.3.1/../../../../arm-none-eabi/lib/thumb/v6-m/nofp/libg.a(libc_a-calloc.o)
                              CMakeFiles/DisplayC.dir/home/mdlos/.pico-sdk/sdk/2.1.0/src/rp2_common/pico_malloc/malloc.c.o (calloc)
/home/mdlos/.pico-sdk/toolchain/13_3_Rel1/bin/../lib/gcc/arm-none-eabi/13.3.1/../../../../arm-none-eabi/lib/thumb/v6-m/nofp/libg.a(libc_a-memcmp.o)
                              CMakeFiles/DisplayC.dir/home/mdlos/.pico-sdk/sdk/2.1.0/src/rp2_common/pico_atomic/atomic.c.o (memcmp)
/home/mdlos/.pico-sdk/toolchain/13_3_Rel1/bin/../lib/gcc/arm-none-eabi/13.3.1/../../../../arm-none-eabi/lib/thumb/v6-m/nofp/libg.a(libc_a-callocr.o)
                              /home/mdlos/.pico-sdk/toolchain/13_3_Rel1/bin/../lib/gcc/arm-none-eabi/13.3.1/../../../../arm-none-eabi/lib/thumb/v6-m/nofp/libg.a(libc_a-calloc.o) (_calloc_r)
/home/mdlos/.pico-sdk/toolchain/13_3_Rel1/bin/../lib/gcc/arm-none-eabi/13.3.1/../../../../arm-none-eabi/lib/thumb/v6-m/nofp/libg.a(libc_a-div.o)
[...]
Memory Configuration

Name             Origin             Length             Attributes
FLASH            0x10000000         0x00200000         xr
RAM              0x20000000         0x00040000         xrw
SCRATCH_X        0x20040000         0x00001000         xrw
SCRATCH_Y        0x20041000         0x00001000         xrw
*default*        0x00000000         0xffffffff

Linker script and memory map

LOAD /home/mdlos/.pico-sdk/toolchain/13_3_Rel1/bin/../lib/gcc/arm-none-eabi/13.3.1/thumb/v6-m/nofp/crti.o
LOAD /home/mdlos/.pico-sdk/toolchain/13_3_Rel1/bin/../lib/gcc/arm-none-eabi/13.3.1/thumb/v6-m/nofp/crtbegin.o
LOAD /home/mdlos/.pico-sdk/toolchain/13_3_Rel1/bin/../lib/gcc/arm-none-eabi/13.3.1/../../../../arm-none-eabi/lib/thumb/v6-m/nofp/crt0.o

.flash_begin    0x10000000        0x0
                0x10000000                        __flash_binary_start = .

.boot2          0x10000000      0x100
                0x10000000                        __boot2_start__ = .
 *(.boot2)
 .boot2         0x10000000      0x100 pico-sdk/src/rp2040/boot_stage2/CMakeFiles/bs2_default_library.dir/bs2_default_padded_checksummed.S.o
                0x10000100                        __boot2_end__ = .
                0x00000001                        ASSERT (((__boot2_end__ - __boot2_start__) == 0x100), ERROR: Pico second stage bootloader must be 256 bytes in size)

.text           0x10000100     0x836c
                0x10000100                        __logical_binary_start = .
 *(.vectors)
 .vectors       0x10000100       0xd4 CMakeFiles/DisplayC.dir/home/mdlos/.pico-sdk/sdk/2.1.0/src/rp2_common/pico_crt0/crt0.S.o
                0x10000100                __vectors
                0x10000100                __VECTOR_TABLE
                0x100001c0                isr_invalid
                0x100001c0                __default_isrs_start
                0x100001c2                isr_nmi
                0x100001c4                isr_hardfault
                0x100001c6                isr_svcall
                0x100001c8                isr_pendsv
                0x100001ca                isr_systick
                0x100001cc                isr_irq30
                0x100001cc                __unhandled_user_irq
                0x100001cc                isr_irq13
                0x100001cc                isr_irq27
                0x100001cc                isr_irq31
                0x100001cc                isr_irq5
                0x100001cc                isr_irq11
                0x100001cc                isr_irq23
                0x100001cc                isr_irq18
                0x100001cc                isr_irq28
                0x100001cc                isr_irq19
                0x100001cc                isr_irq0
                0x100001cc                isr_irq6
                0x100001cc                isr_irq22
                0x100001cc                isr_irq17
                0x100001cc                isr_irq14
                0x100001cc                isr_irq2
                0x100001cc                isr_irq10
                0x100001cc                isr_irq8
                0x100001cc                isr_irq24
                0x100001cc                isr_irq1
                0x100001cc                isr_irq7
                0x100001cc                isr_irq21
                0x100001cc                isr_irq20
                0x100001cc                isr_irq15
                0x100001cc                isr_irq25
                0x100001cc                isr_irq4
                0x100001cc                isr_irq16
                0x100001cc                isr_irq29
                0x100001cc                isr_irq26
                0x100001cc                __default_isrs_end
                0x100001cc                isr_irq3
                0x100001cc                isr_irq12
                0x100001cc                isr_irq9
                0x100001d2                unhandled_user_irq_num_in_r0
 *(.binary_info_header)
 .binary_info_header
                0x100001d4       0x14 CMakeFiles/DisplayC.dir/home/mdlos/.pico-sdk/sdk/2.1.0/src/rp2_common/pico_crt0/crt0.S.o
                0x100001e8                        __binary_info_header_end = .
 *(.embedded_block)
                0x100001e8                        __embedded_block_end = .
 *(.reset)
 .reset         0x100001e8       0x9c CMakeFiles/DisplayC.dir/home/mdlos/.pico-sdk/sdk/2.1.0/src/rp2_common/pico_crt0/crt0.S.o
                0x100001e8                _entry_point
 *(.init)
 .init          0x10000284        0x4 /home/mdlos/.pico-sdk/toolchain/13_3_Rel1/bin/../lib/gcc/arm-none-eabi/13.3.1/thumb/v6-m/nofp/crti.o
                0x10000284                _init
 *(EXCLUDE_FILE(*libm.a: *libc.a:*lib_a-mem*.o *libgcc.a:) .text*)
 .text.register_tm_clones
                0x10000288       0x28 /home/mdlos/.pico-sdk/toolchain/13_3_Rel1/bin/../lib/gcc/arm-none-eabi/13.3.1/thumb/v6-m/nofp/crtbegin.o
 .text.frame_dummy
                0x100002b0       0x24 /home/mdlos/.pico-sdk/toolchain/13_3_Rel1/bin/../lib/gcc/arm-none-eabi/13.3.1/thumb/v6-m/nofp/crtbegin.o
 .text.callback_gpio
                0x100002d4      0x114 CMakeFiles/DisplayC.dir/DisplayC.c.o
                0x100002d4                callback_gpio
 .text.adc_gpio_init
                0x100003e8       0x20 CMakeFiles/DisplayC.dir/DisplayC.c.o
 .text.startup.main
                0x10000408      0x3f0 CMakeFiles/DisplayC.dir/DisplayC.c.o
                0x10000408                main
 .text.ssd1306_init
                0x100007f8       0x34 CMakeFiles/DisplayC.dir/lib/ssd1306.c.o
                0x100007f8                ssd1306_init
 .text.ssd1306_config
                0x1000082c      0x1d0 CMakeFiles/DisplayC.dir/lib/ssd1306.c.o
                0x1000082c                ssd1306_config
 .text.ssd1306_send_data
                0x100009fc       0x8c CMakeFiles/DisplayC.dir/lib/ssd1306.c.o
                0x100009fc                ssd1306_send_data
 .text.ssd1306_fill
                0x10000a88       0x80 CMakeFiles/DisplayC.dir/lib/ssd1306.c.o
                0x10000a88                ssd1306_fill
 .text.ssd1306_rect
                0x10000b08      0x28c CMakeFiles/DisplayC.dir/lib/ssd1306.c.o
                0x10000b08                ssd1306_rect
 .text.gpio_default_irq_handler
                0x10000d94      0x274 CMakeFiles/DisplayC.dir/home/mdlos/.pico-sdk/sdk/2.1.0/src/rp2_common/hardware_gpio/gpio.c.o
 .text.gpio_set_function
                0x10001008       0x34 CMakeFiles/DisplayC.dir/home/mdlos/.pico-sdk/sdk/2.1.0/src/rp2_common/hardware_gpio/gpio.c.o
                0x10001008                gpio_set_function
 .text.gpio_set_pulls
                0x1000103c       0x28 CMakeFiles/DisplayC.dir/home/mdlos/.pico-sdk/sdk/2.1.0/src/rp2_common/hardware_gpio/gpio.c.o
                0x1000103c                gpio_set_pulls
 .text.gpio_set_irq_enabled
                0x10001064       0x58 CMakeFiles/DisplayC.dir/home/mdlos/.pico-sdk/sdk/2.1.0/src/rp2_common/hardware_gpio/gpio.c.o
                0x10001064                gpio_set_irq_enabled
 .text.gpio_set_irq_enabled_with_callback
                0x100010bc       0xd0 CMakeFiles/DisplayC.dir/home/mdlos/.pico-sdk/sdk/2.1.0/src/rp2_common/hardware_gpio/gpio.c.o
                0x100010bc                gpio_set_irq_enabled_with_callback
 .text.gpio_set_input_enabled
                0x1000118c       0x28 CMakeFiles/DisplayC.dir/home/mdlos/.pico-sdk/sdk/2.1.0/src/rp2_common/hardware_gpio/gpio.c.o
                0x1000118c                gpio_set_input_enabled
 .text.gpio_init
                0x100011b4       0x40 CMakeFiles/DisplayC.dir/home/mdlos/.pico-sdk/sdk/2.1.0/src/rp2_common/hardware_gpio/gpio.c.o
                0x100011b4                gpio_init
 .text.rp2040_chip_version
                0x100011f4        0xc CMakeFiles/DisplayC.dir/home/mdlos/.pico-sdk/sdk/2.1.0/src/rp2040/pico_platform/platform.c.o
                0x100011f4                rp2040_chip_version
 .text.panic    0x10001200       0x30 CMakeFiles/DisplayC.dir/home/mdlos/.pico-sdk/sdk/2.1.0/src/rp2_common/pico_platform_panic/panic.c.o
                0x10001200                panic
 .text.hw_claim_or_assert
                0x10001230       0x44 CMakeFiles/DisplayC.dir/home/mdlos/.pico-sdk/sdk/2.1.0/src/common/hardware_claim/claim.c.o
                0x10001230                hw_claim_or_assert
 .text.hw_claim_unused_from_range
                0x10001274       0x9c CMakeFiles/DisplayC.dir/home/mdlos/.pico-sdk/sdk/2.1.0/src/common/hardware_claim/claim.c.o
                0x10001274                hw_claim_unused_from_range
 .text.next_striped_spin_lock_num
                0x10001310       0x18 CMakeFiles/DisplayC.dir/home/mdlos/.pico-sdk/sdk/2.1.0/src/rp2_common/hardware_sync/sync.c.o
                0x10001310                next_striped_spin_lock_num
 .text.spin_lock_claim_unused
                0x10001328       0x24 CMakeFiles/DisplayC.dir/home/mdlos/.pico-sdk/sdk/2.1.0/src/rp2_common/hardware_sync/sync.c.o
                0x10001328                spin_lock_claim_unused
 .text.spin_locks_reset
                0x1000134c       0x1c CMakeFiles/DisplayC.dir/home/mdlos/.pico-sdk/sdk/2.1.0/src/rp2_common/hardware_sync_spin_lock/sync_spin_lock.c.o
                0x1000134c                spin_locks_reset
 .text.runtime_init_per_core_irq_priorities
                0x10001368       0x24 CMakeFiles/DisplayC.dir/home/mdlos/.pico-sdk/sdk/2.1.0/src/rp2_common/hardware_irq/irq.c.o
                0x10001368                runtime_init_per_core_irq_priorities
 .text.irq_set_enabled
                0x1000138c       0x24 CMakeFiles/DisplayC.dir/home/mdlos/.pico-sdk/sdk/2.1.0/src/rp2_common/hardware_irq/irq.c.o
                0x1000138c                irq_set_enabled
 .text.irq_is_enabled
                0x100013b0       0x18 CMakeFiles/DisplayC.dir/home/mdlos/.pico-sdk/sdk/2.1.0/src/rp2_common/hardware_irq/irq.c.o
                0x100013b0                irq_is_enabled
 .text.irq_set_pending
                0x100013c8       0x10 CMakeFiles/DisplayC.dir/home/mdlos/.pico-sdk/sdk/2.1.0/src/rp2_common/hardware_irq/irq.c.o
                0x100013c8                irq_set_pending
 .text.irq_has_shared_handler
                0x100013d8       0x2c CMakeFiles/DisplayC.dir/home/mdlos/.pico-sdk/sdk/2.1.0/src/rp2_common/hardware_irq/irq.c.o
                0x100013d8                irq_has_shared_handler
 .text.irq_set_exclusive_handler
                0x10001404       0x54 CMakeFiles/DisplayC.dir/home/mdlos/.pico-sdk/sdk/2.1.0/src/rp2_common/hardware_irq/irq.c.o
                0x10001404                irq_set_exclusive_handler
 .text.irq_add_shared_handler
                0x10001458      0x1f4 CMakeFiles/DisplayC.dir/home/mdlos/.pico-sdk/sdk/2.1.0/src/rp2_common/hardware_irq/irq.c.o
                0x10001458                irq_add_shared_handler
 .text.irq_remove_handler
                0x1000164c      0x1d4 CMakeFiles/DisplayC.dir/home/mdlos/.pico-sdk/sdk/2.1.0/src/rp2_common/hardware_irq/irq.c.o
                0x1000164c                irq_remove_handler
 .text.irq_add_tail_to_free_list
                0x10001820       0xb4 CMakeFiles/DisplayC.dir/home/mdlos/.pico-sdk/sdk/2.1.0/src/rp2_common/hardware_irq/irq.c.o
                0x10001820                irq_add_tail_to_free_list
 .text.user_irq_claim_unused
                0x100018d4       0x2c CMakeFiles/DisplayC.dir/home/mdlos/.pico-sdk/sdk/2.1.0/src/rp2_common/hardware_irq/irq.c.o
                0x100018d4                user_irq_claim_unused
 .text.lock_init
                0x10001900       0x10 CMakeFiles/DisplayC.dir/home/mdlos/.pico-sdk/sdk/2.1.0/src/common/pico_sync/lock_core.c.o
                0x10001900                lock_init
 .text.runtime_init_mutex
                0x10001910       0x50 CMakeFiles/DisplayC.dir/home/mdlos/.pico-sdk/sdk/2.1.0/src/common/pico_sync/mutex.c.o
                0x10001910                runtime_init_mutex
 .text.mutex_init
                0x10001960       0x1c CMakeFiles/DisplayC.dir/home/mdlos/.pico-sdk/sdk/2.1.0/src/common/pico_sync/mutex.c.o
                0x10001960                mutex_init
 .text.critical_section_init
                0x1000197c       0x1c CMakeFiles/DisplayC.dir/home/mdlos/.pico-sdk/sdk/2.1.0/src/common/pico_sync/critical_section.c.o
                0x1000197c                critical_section_init
 .text.critical_section_init_with_lock_num
                0x10001998       0x14 CMakeFiles/DisplayC.dir/home/mdlos/.pico-sdk/sdk/2.1.0/src/common/pico_sync/critical_section.c.o
                0x10001998                critical_section_init_with_lock_num
 .text.sleep_until_callback
                0x100019ac       0x30 CMakeFiles/DisplayC.dir/home/mdlos/.pico-sdk/sdk/2.1.0/src/common/pico_time/time.c.o
 .text.alarm_pool_irq_handler
                0x100019dc      0x2fc CMakeFiles/DisplayC.dir/home/mdlos/.pico-sdk/sdk/2.1.0/src/common/pico_time/time.c.o
 .text.runtime_init_default_alarm_pool
                0x10001cd8       0xdc CMakeFiles/DisplayC.dir/home/mdlos/.pico-sdk/sdk/2.1.0/src/common/pico_time/time.c.o
                0x10001cd8                runtime_init_default_alarm_pool
 .text.alarm_pool_get_default
                0x10001db4        0x8 CMakeFiles/DisplayC.dir/home/mdlos/.pico-sdk/sdk/2.1.0/src/common/pico_time/time.c.o
                0x10001db4                alarm_pool_get_default
 .text.alarm_pool_add_alarm_at
                0x10001dbc       0xd4 CMakeFiles/DisplayC.dir/home/mdlos/.pico-sdk/sdk/2.1.0/src/common/pico_time/time.c.o
                0x10001dbc                alarm_pool_add_alarm_at
 .text.alarm_pool_add_alarm_at_force_in_context
                0x10001e90       0xb0 CMakeFiles/DisplayC.dir/home/mdlos/.pico-sdk/sdk/2.1.0/src/common/pico_time/time.c.o
                0x10001e90                alarm_pool_add_alarm_at_force_in_context
 .text.alarm_pool_cancel_alarm
                0x10001f40       0x74 CMakeFiles/DisplayC.dir/home/mdlos/.pico-sdk/sdk/2.1.0/src/common/pico_time/time.c.o
                0x10001f40                alarm_pool_cancel_alarm
 .text.alarm_pool_core_num
                0x10001fb4        0x4 CMakeFiles/DisplayC.dir/home/mdlos/.pico-sdk/sdk/2.1.0/src/common/pico_time/time.c.o
                0x10001fb4                alarm_pool_core_num
 .text.sleep_until
                0x10001fb8       0xd8 CMakeFiles/DisplayC.dir/home/mdlos/.pico-sdk/sdk/2.1.0/src/common/pico_time/time.c.o
                0x10001fb8                sleep_until
 .text.sleep_ms
                0x10002090       0x38 CMakeFiles/DisplayC.dir/home/mdlos/.pico-sdk/sdk/2.1.0/src/common/pico_time/time.c.o
                0x10002090                sleep_ms
 .text.best_effort_wfe_or_timeout
                0x100020c8       0xe0 CMakeFiles/DisplayC.dir/home/mdlos/.pico-sdk/sdk/2.1.0/src/common/pico_time/time.c.o
                0x100020c8                best_effort_wfe_or_timeout
 .text.timer_hardware_alarm_claim
                0x100021a8       0x14 CMakeFiles/DisplayC.dir/home/mdlos/.pico-sdk/sdk/2.1.0/src/rp2_common/hardware_timer/timer.c.o
                0x100021a8                timer_hardware_alarm_claim
 .text.timer_time_us_64
                0x100021bc       0x10 CMakeFiles/DisplayC.dir/home/mdlos/.pico-sdk/sdk/2.1.0/src/rp2_common/hardware_timer/timer.c.o
                0x100021bc                timer_time_us_64
 .text.time_us_64
                0x100021cc       0x14 CMakeFiles/DisplayC.dir/home/mdlos/.pico-sdk/sdk/2.1.0/src/rp2_common/hardware_timer/timer.c.o
                0x100021cc                time_us_64
 .text.busy_wait_until
                0x100021e0       0x20 CMakeFiles/DisplayC.dir/home/mdlos/.pico-sdk/sdk/2.1.0/src/rp2_common/hardware_timer/timer.c.o
                0x100021e0                busy_wait_until
 .text.clock_configure_int_divider
                0x10002200       0xf4 CMakeFiles/DisplayC.dir/home/mdlos/.pico-sdk/sdk/2.1.0/src/rp2_common/hardware_clocks/clocks.c.o
                0x10002200                clock_configure_int_divider
 .text.clock_configure_undivided
                0x100022f4       0xe8 CMakeFiles/DisplayC.dir/home/mdlos/.pico-sdk/sdk/2.1.0/src/rp2_common/hardware_clocks/clocks.c.o
                0x100022f4                clock_configure_undivided
 .text.clock_get_hz
                0x100023dc        0xc CMakeFiles/DisplayC.dir/home/mdlos/.pico-sdk/sdk/2.1.0/src/rp2_common/hardware_clocks/clocks.c.o
                0x100023dc                clock_get_hz
 .text.pll_init
                0x100023e8       0xa4 CMakeFiles/DisplayC.dir/home/mdlos/.pico-sdk/sdk/2.1.0/src/rp2_common/hardware_pll/pll.c.o
                0x100023e8                pll_init
 .text.watchdog_reboot
                0x1000248c       0x9c CMakeFiles/DisplayC.dir/home/mdlos/.pico-sdk/sdk/2.1.0/src/rp2_common/hardware_watchdog/watchdog.c.o
                0x1000248c                watchdog_reboot
 .text.tick_start
                0x10002528       0x10 CMakeFiles/DisplayC.dir/home/mdlos/.pico-sdk/sdk/2.1.0/src/rp2_common/hardware_ticks/ticks.c.o
                0x10002528                tick_start
 .text.rom_func_lookup
                0x10002538       0x10 CMakeFiles/DisplayC.dir/home/mdlos/.pico-sdk/sdk/2.1.0/src/rp2_common/pico_bootrom/bootrom.c.o
                0x10002538                rom_func_lookup
 .text.rom_data_lookup
                0x10002548       0x10 CMakeFiles/DisplayC.dir/home/mdlos/.pico-sdk/sdk/2.1.0/src/rp2_common/pico_bootrom/bootrom.c.o
                0x10002548                rom_data_lookup
 .text.rom_funcs_lookup
                0x10002558       0x44 CMakeFiles/DisplayC.dir/home/mdlos/.pico-sdk/sdk/2.1.0/src/rp2_common/pico_bootrom/bootrom.c.o
                0x10002558                rom_funcs_lookup
 .text.rom_reset_usb_boot_extra
                0x1000259c       0x28 CMakeFiles/DisplayC.dir/home/mdlos/.pico-sdk/sdk/2.1.0/src/rp2_common/pico_bootrom/bootrom.c.o
                0x1000259c                rom_reset_usb_boot_extra
 .text.xosc_init
                0x100025c4       0x28 CMakeFiles/DisplayC.dir/home/mdlos/.pico-sdk/sdk/2.1.0/src/rp2_common/hardware_xosc/xosc.c.o
                0x100025c4                xosc_init
 .text.first_per_core_initializer
                0x100025ec        0x4 CMakeFiles/DisplayC.dir/home/mdlos/.pico-sdk/sdk/2.1.0/src/rp2_common/pico_runtime/runtime.c.o
 .text.hard_assertion_failure
                0x100025f0        0xc CMakeFiles/DisplayC.dir/home/mdlos/.pico-sdk/sdk/2.1.0/src/rp2_common/pico_runtime/runtime.c.o
                0x100025f0                hard_assertion_failure
 .text.runtime_run_initializers
                0x100025fc       0x28 CMakeFiles/DisplayC.dir/home/mdlos/.pico-sdk/sdk/2.1.0/src/rp2_common/pico_runtime/runtime.c.o
                0x100025fc                runtime_run_initializers
 .text.runtime_init_early_resets
                0x10002624       0x2c CMakeFiles/DisplayC.dir/home/mdlos/.pico-sdk/sdk/2.1.0/src/rp2_common/pico_runtime_init/runtime_init.c.o
                0x10002624                runtime_init_early_resets
 .text.runtime_init_usb_power_down
                0x10002650       0x1c CMakeFiles/DisplayC.dir/home/mdlos/.pico-sdk/sdk/2.1.0/src/rp2_common/pico_runtime_init/runtime_init.c.o
                0x10002650                runtime_init_usb_power_down
 .text.runtime_init_post_clock_resets
                0x1000266c       0x20 CMakeFiles/DisplayC.dir/home/mdlos/.pico-sdk/sdk/2.1.0/src/rp2_common/pico_runtime_init/runtime_init.c.o
                0x1000266c                runtime_init_post_clock_resets
 .text.runtime_init_rp2040_gpio_ie_disable
                0x1000268c       0x14 CMakeFiles/DisplayC.dir/home/mdlos/.pico-sdk/sdk/2.1.0/src/rp2_common/pico_runtime_init/runtime_init.c.o
                0x1000268c                runtime_init_rp2040_gpio_ie_disable
 .text.runtime_init_spin_locks_reset
                0x100026a0        0x8 CMakeFiles/DisplayC.dir/home/mdlos/.pico-sdk/sdk/2.1.0/src/rp2_common/pico_runtime_init/runtime_init.c.o
                0x100026a0                runtime_init_spin_locks_reset
 .text.runtime_init_install_ram_vector_table
                0x100026a8       0x1c CMakeFiles/DisplayC.dir/home/mdlos/.pico-sdk/sdk/2.1.0/src/rp2_common/pico_runtime_init/runtime_init.c.o
                0x100026a8                runtime_init_install_ram_vector_table
 .text.runtime_init_clocks
                0x100026c4       0xd8 CMakeFiles/DisplayC.dir/home/mdlos/.pico-sdk/sdk/2.1.0/src/rp2_common/pico_runtime_init/runtime_init_clocks.c.o
                0x100026c4                runtime_init_clocks
 .text          0x1000279c       0x10 CMakeFiles/DisplayC.dir/home/mdlos/.pico-sdk/sdk/2.1.0/src/rp2_common/pico_bit_ops/bit_ops_aeabi.S.o
 .text.__wrap___aeabi_idiv
                0x100027ac       0x50 CMakeFiles/DisplayC.dir/home/mdlos/.pico-sdk/sdk/2.1.0/src/rp2_common/pico_divider/divider_hardware.S.o
                0x100027ac                __wrap___aeabi_idivmod
                0x100027ac                divmod_s32s32
                0x100027ac                div_s32s32
                0x100027ac                __wrap___aeabi_idiv
                0x100027b4                divmod_s32s32_unsafe
                0x100027e0                divmod_s32s32_savestate
 .text.__wrap___aeabi_uidiv
                0x100027fc       0x4c CMakeFiles/DisplayC.dir/home/mdlos/.pico-sdk/sdk/2.1.0/src/rp2_common/pico_divider/divider_hardware.S.o
                0x100027fc                __wrap___aeabi_uidiv
                0x100027fc                __wrap___aeabi_uidivmod
                0x100027fc                div_u32u32
                0x100027fc                divmod_u32u32
                0x10002804                divmod_u32u32_unsafe
                0x1000282c                divmod_u32u32_savestate
 .text.__wrap___aeabi_ldiv
                0x10002848      0x424 CMakeFiles/DisplayC.dir/home/mdlos/.pico-sdk/sdk/2.1.0/src/rp2_common/pico_divider/divider_hardware.S.o
                0x10002848                div_s64s64
                0x10002848                divmod_s64s64
                0x10002848                __wrap___aeabi_ldivmod
                0x10002878                div_u64u64
                0x10002878                divmod_u64u64
                0x10002878                __wrap___aeabi_uldivmod
                0x10002888                divmod_u64u64_savestate
                0x100028a8                divmod_s64s64_unsafe
                0x10002930                divmod_u64u64_unsafe
 .text.__wrap___aeabi_darithmetic
                0x10002c6c       0x80 CMakeFiles/DisplayC.dir/home/mdlos/.pico-sdk/sdk/2.1.0/src/rp2_common/pico_double/double_aeabi_rp2040.S.o
                0x10002c6c                __wrap___aeabi_drsub
                0x10002c72                __wrap___aeabi_dsub
                0x10002c84                __wrap___aeabi_dadd
                0x10002c96                __wrap___aeabi_ddiv
                0x10002cd2                __wrap___aeabi_dmul
 .text.__wrap___aeabi_cdcmple
                0x10002cec       0x6c CMakeFiles/DisplayC.dir/home/mdlos/.pico-sdk/sdk/2.1.0/src/rp2_common/pico_double/double_aeabi_rp2040.S.o
                0x10002cec                __wrap___aeabi_cdrcmple
                0x10002cfc                __wrap___aeabi_cdcmple
                0x10002cfc                __wrap___aeabi_cdcmpeq
 .text.__wrap___aeabi_dcmplt
                0x10002d58        0xc CMakeFiles/DisplayC.dir/home/mdlos/.pico-sdk/sdk/2.1.0/src/rp2_common/pico_double/double_aeabi_rp2040.S.o
                0x10002d58                __wrap___aeabi_dcmplt
 .text.__wrap___aeabi_dcmpge
                0x10002d64       0x10 CMakeFiles/DisplayC.dir/home/mdlos/.pico-sdk/sdk/2.1.0/src/rp2_common/pico_double/double_aeabi_rp2040.S.o
                0x10002d64                __wrap___aeabi_dcmpge
 .text.__wrap___aeabi_dcmpgt
                0x10002d74        0xa CMakeFiles/DisplayC.dir/home/mdlos/.pico-sdk/sdk/2.1.0/src/rp2_common/pico_double/double_aeabi_rp2040.S.o
                0x10002d74                __wrap___aeabi_dcmpgt
 .text.__wrap___aeabi_dcmpun
                0x10002d7e       0x18 CMakeFiles/DisplayC.dir/home/mdlos/.pico-sdk/sdk/2.1.0/src/rp2_common/pico_double/double_aeabi_rp2040.S.o
                0x10002d7e                __wrap___aeabi_dcmpun
 *fill*         0x10002d96        0x2 
 .text.__wrap___aeabi_i2d
                0x10002d98       0x38 CMakeFiles/DisplayC.dir/home/mdlos/.pico-sdk/sdk/2.1.0/src/rp2_common/pico_double/double_aeabi_rp2040.S.o
                0x10002d98                __wrap___aeabi_ui2d
                0x10002da0                __wrap___aeabi_i2d
 .text.__wrap___aeabi_d2iz
                0x10002dd0       0x48 CMakeFiles/DisplayC.dir/home/mdlos/.pico-sdk/sdk/2.1.0/src/rp2_common/pico_double/double_aeabi_rp2040.S.o
                0x10002dd0                __wrap___aeabi_d2iz
                0x10002dd0                double2int_z
 .text.__wrap___aeabi_d2uiz
                0x10002e18       0x18 CMakeFiles/DisplayC.dir/home/mdlos/.pico-sdk/sdk/2.1.0/src/rp2_common/pico_double/double_aeabi_rp2040.S.o
                0x10002e18                double2uint
                0x10002e18                __wrap___aeabi_d2uiz
 .text.__aeabi_double_init
                0x10002e30       0xa4 CMakeFiles/DisplayC.dir/home/mdlos/.pico-sdk/sdk/2.1.0/src/rp2_common/pico_double/double_init_rom_rp2040.c.o
                0x10002e30                __aeabi_double_init
 .text.double_table_shim_on_use_helper
                0x10002ed4       0x2c CMakeFiles/DisplayC.dir/home/mdlos/.pico-sdk/sdk/2.1.0/src/rp2_common/pico_double/double_v1_rom_shim_rp2040.S.o
                0x10002ed4                double_table_shim_on_use_helper
 .text.__wrap___aeabi_dsub
                0x10002f00       0x10 CMakeFiles/DisplayC.dir/home/mdlos/.pico-sdk/sdk/2.1.0/src/rp2_common/pico_double/double_v1_rom_shim_rp2040.S.o
                0x10002f00                drsub_shim
                0x10002f06                dsub_shim
 .text.dadd_shim
                0x10002f10      0x15c CMakeFiles/DisplayC.dir/home/mdlos/.pico-sdk/sdk/2.1.0/src/rp2_common/pico_double/double_v1_rom_shim_rp2040.S.o
                0x10002f10                dadd_shim
 .text.dmul_shim
                0x1000306c      0x15c CMakeFiles/DisplayC.dir/home/mdlos/.pico-sdk/sdk/2.1.0/src/rp2_common/pico_double/double_v1_rom_shim_rp2040.S.o
                0x1000306c                dmul_shim
 .text.ddiv_shim
                0x100031c8      0x1b0 CMakeFiles/DisplayC.dir/home/mdlos/.pico-sdk/sdk/2.1.0/src/rp2_common/pico_double/double_v1_rom_shim_rp2040.S.o
                0x100031c8                ddiv_shim
 .text.double2uint_shim
                0x10003378        0xe CMakeFiles/DisplayC.dir/home/mdlos/.pico-sdk/sdk/2.1.0/src/rp2_common/pico_double/double_v1_rom_shim_rp2040.S.o
                0x10003378                double2uint_shim
                0x1000337a                double2ufix_shim
 *fill*         0x10003386        0x2 
 .text.double2uint64_shim
                0x10003388       0x70 CMakeFiles/DisplayC.dir/home/mdlos/.pico-sdk/sdk/2.1.0/src/rp2_common/pico_double/double_v1_rom_shim_rp2040.S.o
                0x10003388                double2uint64_shim
                0x1000338a                double2ufix64_shim
                0x100033aa                d2fix_a
 .text.dunpacks
                0x100033f8       0x3c CMakeFiles/DisplayC.dir/home/mdlos/.pico-sdk/sdk/2.1.0/src/rp2_common/pico_double/double_v1_rom_shim_rp2040.S.o
                0x100033f8                dunpacks
 .text.__aeabi_lmul
                0x10003434       0x32 CMakeFiles/DisplayC.dir/home/mdlos/.pico-sdk/sdk/2.1.0/src/rp2_common/pico_int64_ops/pico_int64_ops_aeabi.S.o
                0x10003434                __wrap___aeabi_lmul
 *fill*         0x10003466        0x2 
 .text.__aeabi_float_init
                0x10003468       0x64 CMakeFiles/DisplayC.dir/home/mdlos/.pico-sdk/sdk/2.1.0/src/rp2_common/pico_float/float_init_rom_rp2040.c.o
                0x10003468                __aeabi_float_init
 .text.float_table_shim_on_use_helper
                0x100034cc       0x2c CMakeFiles/DisplayC.dir/home/mdlos/.pico-sdk/sdk/2.1.0/src/rp2_common/pico_float/float_v1_rom_shim_rp2040.S.o
                0x100034cc                float_table_shim_on_use_helper
 .text.__wrap_calloc
                0x100034f8       0x28 CMakeFiles/DisplayC.dir/home/mdlos/.pico-sdk/sdk/2.1.0/src/rp2_common/pico_malloc/malloc.c.o
                0x100034f8                __wrap_calloc
 .text          0x10003520       0x10 CMakeFiles/DisplayC.dir/home/mdlos/.pico-sdk/sdk/2.1.0/src/rp2_common/pico_mem_ops/mem_ops_aeabi.S.o
                0x10003520                __aeabi_mem_init
 .text.memset   0x10003530        0xc CMakeFiles/DisplayC.dir/home/mdlos/.pico-sdk/sdk/2.1.0/src/rp2_common/pico_mem_ops/mem_ops_aeabi.S.o
                0x10003530                __wrap_memset
 .text.memcpy   0x1000353c        0xc CMakeFiles/DisplayC.dir/home/mdlos/.pico-sdk/sdk/2.1.0/src/rp2_common/pico_mem_ops/mem_ops_aeabi.S.o
                0x1000353c                __wrap___aeabi_memcpy
                0x1000353c                __wrap_memcpy
 .text._out_buffer
                0x10003548        0x8 CMakeFiles/DisplayC.dir/home/mdlos/.pico-sdk/sdk/2.1.0/src/rp2_common/pico_printf/printf.c.o
 .text._out_null
                0x10003550        0x4 CMakeFiles/DisplayC.dir/home/mdlos/.pico-sdk/sdk/2.1.0/src/rp2_common/pico_printf/printf.c.o
 .text._out_rev
                0x10003554       0xac CMakeFiles/DisplayC.dir/home/mdlos/.pico-sdk/sdk/2.1.0/src/rp2_common/pico_printf/printf.c.o
 .text._ntoa_format
                0x10003600      0x250 CMakeFiles/DisplayC.dir/home/mdlos/.pico-sdk/sdk/2.1.0/src/rp2_common/pico_printf/printf.c.o
 .text._out_char
                0x10003850       0x10 CMakeFiles/DisplayC.dir/home/mdlos/.pico-sdk/sdk/2.1.0/src/rp2_common/pico_printf/printf.c.o
 .text._etoa    0x10003860      0x464 CMakeFiles/DisplayC.dir/home/mdlos/.pico-sdk/sdk/2.1.0/src/rp2_common/pico_printf/printf.c.o
 .text._ftoa    0x10003cc4      0x3c0 CMakeFiles/DisplayC.dir/home/mdlos/.pico-sdk/sdk/2.1.0/src/rp2_common/pico_printf/printf.c.o
 .text._vsnprintf
                0x10004084      0xbc8 CMakeFiles/DisplayC.dir/home/mdlos/.pico-sdk/sdk/2.1.0/src/rp2_common/pico_printf/printf.c.o
 .text.__wrap_sprintf
                0x10004c4c       0x2c CMakeFiles/DisplayC.dir/home/mdlos/.pico-sdk/sdk/2.1.0/src/rp2_common/pico_printf/printf.c.o
                0x10004c4c                __wrap_sprintf
 .text.weak_raw_vprintf
                0x10004c78       0x30 CMakeFiles/DisplayC.dir/home/mdlos/.pico-sdk/sdk/2.1.0/src/rp2_common/pico_printf/printf.c.o
                0x10004c78                weak_raw_vprintf
 .text._exit    0x10004ca8        0x4 CMakeFiles/DisplayC.dir/home/mdlos/.pico-sdk/sdk/2.1.0/src/rp2_common/pico_clib_interface/newlib_interface.c.o
                0x10004ca8                _exit
 .text._sbrk    0x10004cac       0x34 CMakeFiles/DisplayC.dir/home/mdlos/.pico-sdk/sdk/2.1.0/src/rp2_common/pico_clib_interface/newlib_interface.c.o
                0x10004cac                _sbrk
 .text.exit     0x10004ce0        0x8 CMakeFiles/DisplayC.dir/home/mdlos/.pico-sdk/sdk/2.1.0/src/rp2_common/pico_clib_interface/newlib_interface.c.o
                0x10004ce0                exit
 .text.runtime_init
                0x10004ce8       0x2c CMakeFiles/DisplayC.dir/home/mdlos/.pico-sdk/sdk/2.1.0/src/rp2_common/pico_clib_interface/newlib_interface.c.o
                0x10004ce8                runtime_init
 .text.stdio_out_chars_no_crlf
                0x10004d14       0x10 CMakeFiles/DisplayC.dir/home/mdlos/.pico-sdk/sdk/2.1.0/src/rp2_common/pico_stdio/stdio.c.o
 .text.stdio_out_chars_crlf
                0x10004d24       0x94 CMakeFiles/DisplayC.dir/home/mdlos/.pico-sdk/sdk/2.1.0/src/rp2_common/pico_stdio/stdio.c.o
 .text.stdio_put_string
                0x10004db8      0x100 CMakeFiles/DisplayC.dir/home/mdlos/.pico-sdk/sdk/2.1.0/src/rp2_common/pico_stdio/stdio.c.o
                0x10004db8                stdio_put_string
 .text.stdio_set_driver_enabled
                0x10004eb8       0x30 CMakeFiles/DisplayC.dir/home/mdlos/.pico-sdk/sdk/2.1.0/src/rp2_common/pico_stdio/stdio.c.o
                0x10004eb8                stdio_set_driver_enabled
 .text.stdio_init_all
                0x10004ee8        0x8 CMakeFiles/DisplayC.dir/home/mdlos/.pico-sdk/sdk/2.1.0/src/rp2_common/pico_stdio/stdio.c.o
                0x10004ee8                stdio_init_all
 .text.__wrap_putchar
                0x10004ef0       0x98 CMakeFiles/DisplayC.dir/home/mdlos/.pico-sdk/sdk/2.1.0/src/rp2_common/pico_stdio/stdio.c.o
                0x10004ef0                stdio_putchar
                0x10004ef0                __wrap_putchar
 .text.__wrap_puts
                0x10004f88       0x3c CMakeFiles/DisplayC.dir/home/mdlos/.pico-sdk/sdk/2.1.0/src/rp2_common/pico_stdio/stdio.c.o
                0x10004f88                __wrap_puts
                0x10004f88                stdio_puts
 .text.resetd_init
                0x10004fc4        0x4 CMakeFiles/DisplayC.dir/home/mdlos/.pico-sdk/sdk/2.1.0/src/rp2_common/pico_stdio_usb/reset_interface.c.o
 .text.resetd_reset
                0x10004fc8        0xc CMakeFiles/DisplayC.dir/home/mdlos/.pico-sdk/sdk/2.1.0/src/rp2_common/pico_stdio_usb/reset_interface.c.o
 .text.resetd_open
                0x10004fd4       0x28 CMakeFiles/DisplayC.dir/home/mdlos/.pico-sdk/sdk/2.1.0/src/rp2_common/pico_stdio_usb/reset_interface.c.o
 .text.resetd_xfer_cb
                0x10004ffc        0x4 CMakeFiles/DisplayC.dir/home/mdlos/.pico-sdk/sdk/2.1.0/src/rp2_common/pico_stdio_usb/reset_interface.c.o
 .text.resetd_control_xfer_cb
                0x10005000       0x5c CMakeFiles/DisplayC.dir/home/mdlos/.pico-sdk/sdk/2.1.0/src/rp2_common/pico_stdio_usb/reset_interface.c.o
 .text.tud_descriptor_bos_cb
                0x1000505c        0x8 CMakeFiles/DisplayC.dir/home/mdlos/.pico-sdk/sdk/2.1.0/src/rp2_common/pico_stdio_usb/reset_interface.c.o
                0x1000505c                tud_descriptor_bos_cb
 .text.tud_vendor_control_xfer_cb
                0x10005064       0x34 CMakeFiles/DisplayC.dir/home/mdlos/.pico-sdk/sdk/2.1.0/src/rp2_common/pico_stdio_usb/reset_interface.c.o
                0x10005064                tud_vendor_control_xfer_cb
 .text.usbd_app_driver_get_cb
                0x10005098        0xc CMakeFiles/DisplayC.dir/home/mdlos/.pico-sdk/sdk/2.1.0/src/rp2_common/pico_stdio_usb/reset_interface.c.o
                0x10005098                usbd_app_driver_get_cb
 .text.tud_cdc_line_coding_cb
                0x100050a4       0x2c CMakeFiles/DisplayC.dir/home/mdlos/.pico-sdk/sdk/2.1.0/src/rp2_common/pico_stdio_usb/reset_interface.c.o
                0x100050a4                tud_cdc_line_coding_cb
 .text.stdio_usb_set_chars_available_callback
                0x100050d0       0x14 CMakeFiles/DisplayC.dir/home/mdlos/.pico-sdk/sdk/2.1.0/src/rp2_common/pico_stdio_usb/stdio_usb.c.o
                0x100050d0                stdio_usb_set_chars_available_callback
 .text.usb_irq  0x100050e4       0x10 CMakeFiles/DisplayC.dir/home/mdlos/.pico-sdk/sdk/2.1.0/src/rp2_common/pico_stdio_usb/stdio_usb.c.o
 .text.timer_task
                0x100050f4       0x64 CMakeFiles/DisplayC.dir/home/mdlos/.pico-sdk/sdk/2.1.0/src/rp2_common/pico_stdio_usb/stdio_usb.c.o
 .text.stdio_usb_in_chars
                0x10005158       0x90 CMakeFiles/DisplayC.dir/home/mdlos/.pico-sdk/sdk/2.1.0/src/rp2_common/pico_stdio_usb/stdio_usb.c.o
                0x10005158                stdio_usb_in_chars
 .text.stdio_usb_out_flush
                0x100051e8       0x50 CMakeFiles/DisplayC.dir/home/mdlos/.pico-sdk/sdk/2.1.0/src/rp2_common/pico_stdio_usb/stdio_usb.c.o
 .text.stdio_usb_out_chars
                0x10005238      0x104 CMakeFiles/DisplayC.dir/home/mdlos/.pico-sdk/sdk/2.1.0/src/rp2_common/pico_stdio_usb/stdio_usb.c.o
 .text.low_priority_worker_irq
                0x1000533c       0xcc CMakeFiles/DisplayC.dir/home/mdlos/.pico-sdk/sdk/2.1.0/src/rp2_common/pico_stdio_usb/stdio_usb.c.o
 .text.stdio_usb_init
                0x10005408       0xe8 CMakeFiles/DisplayC.dir/home/mdlos/.pico-sdk/sdk/2.1.0/src/rp2_common/pico_stdio_usb/stdio_usb.c.o
                0x10005408                stdio_usb_init
 .text.tud_descriptor_device_cb
                0x100054f0        0x8 CMakeFiles/DisplayC.dir/home/mdlos/.pico-sdk/sdk/2.1.0/src/rp2_common/pico_stdio_usb/stdio_usb_descriptors.c.o
                0x100054f0                tud_descriptor_device_cb
 .text.tud_descriptor_configuration_cb
                0x100054f8        0x8 CMakeFiles/DisplayC.dir/home/mdlos/.pico-sdk/sdk/2.1.0/src/rp2_common/pico_stdio_usb/stdio_usb_descriptors.c.o
                0x100054f8                tud_descriptor_configuration_cb
 .text.tud_descriptor_string_cb
                0x10005500       0x78 CMakeFiles/DisplayC.dir/home/mdlos/.pico-sdk/sdk/2.1.0/src/rp2_common/pico_stdio_usb/stdio_usb_descriptors.c.o
                0x10005500                tud_descriptor_string_cb
 .text.startup._retrieve_unique_id_on_boot
                0x10005578       0x10 CMakeFiles/DisplayC.dir/home/mdlos/.pico-sdk/sdk/2.1.0/src/rp2_common/pico_unique_id/unique_id.c.o
 .text.pico_get_unique_board_id_string
                0x10005588      0x1a8 CMakeFiles/DisplayC.dir/home/mdlos/.pico-sdk/sdk/2.1.0/src/rp2_common/pico_unique_id/unique_id.c.o
                0x10005588                pico_get_unique_board_id_string
 .text.flash_get_unique_id
                0x10005730       0x3c CMakeFiles/DisplayC.dir/home/mdlos/.pico-sdk/sdk/2.1.0/src/rp2_common/hardware_flash/flash.c.o
                0x10005730                flash_get_unique_id
 .text.dcd_init
                0x1000576c       0x8c CMakeFiles/DisplayC.dir/home/mdlos/.pico-sdk/sdk/2.1.0/lib/tinyusb/src/portable/raspberrypi/rp2040/dcd_rp2040.c.o
                0x1000576c                dcd_init
 .text.dcd_int_enable
                0x100057f8        0xc CMakeFiles/DisplayC.dir/home/mdlos/.pico-sdk/sdk/2.1.0/lib/tinyusb/src/portable/raspberrypi/rp2040/dcd_rp2040.c.o
                0x100057f8                dcd_int_enable
 .text.dcd_set_address
                0x10005804       0x14 CMakeFiles/DisplayC.dir/home/mdlos/.pico-sdk/sdk/2.1.0/lib/tinyusb/src/portable/raspberrypi/rp2040/dcd_rp2040.c.o
                0x10005804                dcd_set_address
 .text.dcd_sof_enable
                0x10005818       0x1c CMakeFiles/DisplayC.dir/home/mdlos/.pico-sdk/sdk/2.1.0/lib/tinyusb/src/portable/raspberrypi/rp2040/dcd_rp2040.c.o
                0x10005818                dcd_sof_enable
 .text.dcd_edpt0_status_complete
                0x10005834       0x1c CMakeFiles/DisplayC.dir/home/mdlos/.pico-sdk/sdk/2.1.0/lib/tinyusb/src/portable/raspberrypi/rp2040/dcd_rp2040.c.o
                0x10005834                dcd_edpt0_status_complete
 .text.dcd_edpt_open
                0x10005850      0x108 CMakeFiles/DisplayC.dir/home/mdlos/.pico-sdk/sdk/2.1.0/lib/tinyusb/src/portable/raspberrypi/rp2040/dcd_rp2040.c.o
                0x10005850                dcd_edpt_open
 .text.dcd_edpt_close_all
                0x10005958        0x8 CMakeFiles/DisplayC.dir/home/mdlos/.pico-sdk/sdk/2.1.0/lib/tinyusb/src/portable/raspberrypi/rp2040/dcd_rp2040.c.o
                0x10005958                dcd_edpt_close_all
 .text.dcd_edpt_xfer
                0x10005960       0x24 CMakeFiles/DisplayC.dir/home/mdlos/.pico-sdk/sdk/2.1.0/lib/tinyusb/src/portable/raspberrypi/rp2040/dcd_rp2040.c.o
                0x10005960                dcd_edpt_xfer
 .text.dcd_edpt_stall
                0x10005984       0x34 CMakeFiles/DisplayC.dir/home/mdlos/.pico-sdk/sdk/2.1.0/lib/tinyusb/src/portable/raspberrypi/rp2040/dcd_rp2040.c.o
                0x10005984                dcd_edpt_stall
 .text.dcd_edpt_clear_stall
                0x100059b8       0x30 CMakeFiles/DisplayC.dir/home/mdlos/.pico-sdk/sdk/2.1.0/lib/tinyusb/src/portable/raspberrypi/rp2040/dcd_rp2040.c.o
                0x100059b8                dcd_edpt_clear_stall
 .text.rp2040_usb_init
                0x100059e8       0x40 CMakeFiles/DisplayC.dir/home/mdlos/.pico-sdk/sdk/2.1.0/lib/tinyusb/src/portable/raspberrypi/rp2040/rp2040_usb.c.o
                0x100059e8                rp2040_usb_init
 .text.hw_endpoint_xfer_start
                0x10005a28       0x40 CMakeFiles/DisplayC.dir/home/mdlos/.pico-sdk/sdk/2.1.0/lib/tinyusb/src/portable/raspberrypi/rp2040/rp2040_usb.c.o
                0x10005a28                hw_endpoint_xfer_start
 .text.tud_event_hook_cb
                0x10005a68        0x4 CMakeFiles/DisplayC.dir/home/mdlos/.pico-sdk/sdk/2.1.0/lib/tinyusb/src/device/usbd.c.o
                0x10005a68                tud_event_hook_cb
 .text.tud_sof_cb
                0x10005a6c        0x4 CMakeFiles/DisplayC.dir/home/mdlos/.pico-sdk/sdk/2.1.0/lib/tinyusb/src/device/usbd.c.o
                0x10005a6c                tud_sof_cb
 .text.tud_descriptor_device_qualifier_cb
                0x10005a70        0x4 CMakeFiles/DisplayC.dir/home/mdlos/.pico-sdk/sdk/2.1.0/lib/tinyusb/src/device/usbd.c.o
                0x10005a70                tud_descriptor_device_qualifier_cb
 .text.tud_descriptor_other_speed_configuration_cb
                0x10005a74        0x4 CMakeFiles/DisplayC.dir/home/mdlos/.pico-sdk/sdk/2.1.0/lib/tinyusb/src/device/usbd.c.o
                0x10005a74                tud_descriptor_other_speed_configuration_cb
 .text.tud_mount_cb
                0x10005a78        0x4 CMakeFiles/DisplayC.dir/home/mdlos/.pico-sdk/sdk/2.1.0/lib/tinyusb/src/device/usbd.c.o
                0x10005a78                tud_mount_cb
 .text.tud_umount_cb
                0x10005a7c        0x4 CMakeFiles/DisplayC.dir/home/mdlos/.pico-sdk/sdk/2.1.0/lib/tinyusb/src/device/usbd.c.o
                0x10005a7c                tud_umount_cb
 .text.tud_suspend_cb
                0x10005a80        0x4 CMakeFiles/DisplayC.dir/home/mdlos/.pico-sdk/sdk/2.1.0/lib/tinyusb/src/device/usbd.c.o
                0x10005a80                tud_suspend_cb
 .text.tud_resume_cb
                0x10005a84        0x4 CMakeFiles/DisplayC.dir/home/mdlos/.pico-sdk/sdk/2.1.0/lib/tinyusb/src/device/usbd.c.o
                0x10005a84                tud_resume_cb
 .text.tud_mounted
                0x10005a88       0x10 CMakeFiles/DisplayC.dir/home/mdlos/.pico-sdk/sdk/2.1.0/lib/tinyusb/src/device/usbd.c.o
                0x10005a88                tud_mounted
 .text.tud_suspended
                0x10005a98       0x10 CMakeFiles/DisplayC.dir/home/mdlos/.pico-sdk/sdk/2.1.0/lib/tinyusb/src/device/usbd.c.o
                0x10005a98                tud_suspended
 .text.tud_init
                0x10005aa8       0xe4 CMakeFiles/DisplayC.dir/home/mdlos/.pico-sdk/sdk/2.1.0/lib/tinyusb/src/device/usbd.c.o
                0x10005aa8                tud_init
 .text.tud_task_ext
                0x10005b8c      0x800 CMakeFiles/DisplayC.dir/home/mdlos/.pico-sdk/sdk/2.1.0/lib/tinyusb/src/device/usbd.c.o
                0x10005b8c                tud_task_ext
 .text.usbd_open_edpt_pair
                0x1000638c       0x9c CMakeFiles/DisplayC.dir/home/mdlos/.pico-sdk/sdk/2.1.0/lib/tinyusb/src/device/usbd.c.o
                0x1000638c                usbd_open_edpt_pair
 .text.usbd_edpt_open
                0x10006428       0x34 CMakeFiles/DisplayC.dir/home/mdlos/.pico-sdk/sdk/2.1.0/lib/tinyusb/src/device/usbd.c.o
                0x10006428                usbd_edpt_open
 .text.usbd_edpt_claim
                0x1000645c       0x28 CMakeFiles/DisplayC.dir/home/mdlos/.pico-sdk/sdk/2.1.0/lib/tinyusb/src/device/usbd.c.o
                0x1000645c                usbd_edpt_claim
 .text.usbd_edpt_release
                0x10006484       0x28 CMakeFiles/DisplayC.dir/home/mdlos/.pico-sdk/sdk/2.1.0/lib/tinyusb/src/device/usbd.c.o
                0x10006484                usbd_edpt_release
 .text.usbd_edpt_xfer
                0x100064ac       0x4c CMakeFiles/DisplayC.dir/home/mdlos/.pico-sdk/sdk/2.1.0/lib/tinyusb/src/device/usbd.c.o
                0x100064ac                usbd_edpt_xfer
 .text.tud_control_status
                0x100064f8       0x2c CMakeFiles/DisplayC.dir/home/mdlos/.pico-sdk/sdk/2.1.0/lib/tinyusb/src/device/usbd_control.c.o
                0x100064f8                tud_control_status
 .text.tud_control_xfer
                0x10006524       0xac CMakeFiles/DisplayC.dir/home/mdlos/.pico-sdk/sdk/2.1.0/lib/tinyusb/src/device/usbd_control.c.o
                0x10006524                tud_control_xfer
 .text.usbd_control_reset
                0x100065d0       0x14 CMakeFiles/DisplayC.dir/home/mdlos/.pico-sdk/sdk/2.1.0/lib/tinyusb/src/device/usbd_control.c.o
                0x100065d0                usbd_control_reset
 .text.usbd_control_set_complete_callback
                0x100065e4        0xc CMakeFiles/DisplayC.dir/home/mdlos/.pico-sdk/sdk/2.1.0/lib/tinyusb/src/device/usbd_control.c.o
                0x100065e4                usbd_control_set_complete_callback
 .text.usbd_control_set_request
                0x100065f0       0x1c CMakeFiles/DisplayC.dir/home/mdlos/.pico-sdk/sdk/2.1.0/lib/tinyusb/src/device/usbd_control.c.o
                0x100065f0                usbd_control_set_request
 .text.usbd_control_xfer_cb
                0x1000660c       0xec CMakeFiles/DisplayC.dir/home/mdlos/.pico-sdk/sdk/2.1.0/lib/tinyusb/src/device/usbd_control.c.o
                0x1000660c                usbd_control_xfer_cb
 .text._prep_out_transaction.isra.0
                0x100066f8       0x5c CMakeFiles/DisplayC.dir/home/mdlos/.pico-sdk/sdk/2.1.0/lib/tinyusb/src/class/cdc/cdc_device.c.o
 .text.tud_cdc_n_connected
                0x10006754       0x30 CMakeFiles/DisplayC.dir/home/mdlos/.pico-sdk/sdk/2.1.0/lib/tinyusb/src/class/cdc/cdc_device.c.o
                0x10006754                tud_cdc_n_connected
 .text.tud_cdc_n_available
                0x10006784       0x18 CMakeFiles/DisplayC.dir/home/mdlos/.pico-sdk/sdk/2.1.0/lib/tinyusb/src/class/cdc/cdc_device.c.o
                0x10006784                tud_cdc_n_available
 .text.tud_cdc_n_read
                0x1000679c       0x98 CMakeFiles/DisplayC.dir/home/mdlos/.pico-sdk/sdk/2.1.0/lib/tinyusb/src/class/cdc/cdc_device.c.o
                0x1000679c                tud_cdc_n_read
 .text.tud_cdc_n_write_flush
                0x10006834       0x78 CMakeFiles/DisplayC.dir/home/mdlos/.pico-sdk/sdk/2.1.0/lib/tinyusb/src/class/cdc/cdc_device.c.o
                0x10006834                tud_cdc_n_write_flush
 .text.tud_cdc_n_write
                0x100068ac       0x40 CMakeFiles/DisplayC.dir/home/mdlos/.pico-sdk/sdk/2.1.0/lib/tinyusb/src/class/cdc/cdc_device.c.o
                0x100068ac                tud_cdc_n_write
 .text.tud_cdc_n_write_available
                0x100068ec       0x18 CMakeFiles/DisplayC.dir/home/mdlos/.pico-sdk/sdk/2.1.0/lib/tinyusb/src/class/cdc/cdc_device.c.o
                0x100068ec                tud_cdc_n_write_available
 .text.cdcd_init
                0x10006904       0x7c CMakeFiles/DisplayC.dir/home/mdlos/.pico-sdk/sdk/2.1.0/lib/tinyusb/src/class/cdc/cdc_device.c.o
                0x10006904                cdcd_init
 .text.cdcd_deinit
                0x10006980       0x34 CMakeFiles/DisplayC.dir/home/mdlos/.pico-sdk/sdk/2.1.0/lib/tinyusb/src/class/cdc/cdc_device.c.o
                0x10006980                cdcd_deinit
 .text.cdcd_reset
                0x100069b4       0x4c CMakeFiles/DisplayC.dir/home/mdlos/.pico-sdk/sdk/2.1.0/lib/tinyusb/src/class/cdc/cdc_device.c.o
                0x100069b4                cdcd_reset
 .text.cdcd_open
                0x10006a00       0xb0 CMakeFiles/DisplayC.dir/home/mdlos/.pico-sdk/sdk/2.1.0/lib/tinyusb/src/class/cdc/cdc_device.c.o
                0x10006a00                cdcd_open
 .text.cdcd_control_xfer_cb
                0x10006ab0       0xe4 CMakeFiles/DisplayC.dir/home/mdlos/.pico-sdk/sdk/2.1.0/lib/tinyusb/src/class/cdc/cdc_device.c.o
                0x10006ab0                cdcd_control_xfer_cb
 .text.cdcd_xfer_cb
                0x10006b94      0x100 CMakeFiles/DisplayC.dir/home/mdlos/.pico-sdk/sdk/2.1.0/lib/tinyusb/src/class/cdc/cdc_device.c.o
                0x10006b94                cdcd_xfer_cb
 .text.vendord_init
                0x10006c94       0x5c CMakeFiles/DisplayC.dir/home/mdlos/.pico-sdk/sdk/2.1.0/lib/tinyusb/src/class/vendor/vendor_device.c.o
                0x10006c94                vendord_init
 .text.vendord_deinit
                0x10006cf0       0x1c CMakeFiles/DisplayC.dir/home/mdlos/.pico-sdk/sdk/2.1.0/lib/tinyusb/src/class/vendor/vendor_device.c.o
                0x10006cf0                vendord_deinit
 .text.vendord_reset
                0x10006d0c       0x20 CMakeFiles/DisplayC.dir/home/mdlos/.pico-sdk/sdk/2.1.0/lib/tinyusb/src/class/vendor/vendor_device.c.o
                0x10006d0c                vendord_reset
 .text.vendord_open
                0x10006d2c      0x138 CMakeFiles/DisplayC.dir/home/mdlos/.pico-sdk/sdk/2.1.0/lib/tinyusb/src/class/vendor/vendor_device.c.o
                0x10006d2c                vendord_open
 .text.vendord_xfer_cb
                0x10006e64       0x9c CMakeFiles/DisplayC.dir/home/mdlos/.pico-sdk/sdk/2.1.0/lib/tinyusb/src/class/vendor/vendor_device.c.o
                0x10006e64                vendord_xfer_cb
 .text.tusb_init
                0x10006f00        0xc CMakeFiles/DisplayC.dir/home/mdlos/.pico-sdk/sdk/2.1.0/lib/tinyusb/src/tusb.c.o
                0x10006f00                tusb_init
 .text.tu_edpt_claim
                0x10006f0c       0x50 CMakeFiles/DisplayC.dir/home/mdlos/.pico-sdk/sdk/2.1.0/lib/tinyusb/src/tusb.c.o
                0x10006f0c                tu_edpt_claim
 .text.tu_edpt_release
                0x10006f5c       0x38 CMakeFiles/DisplayC.dir/home/mdlos/.pico-sdk/sdk/2.1.0/lib/tinyusb/src/tusb.c.o
                0x10006f5c                tu_edpt_release
 .text.tu_edpt_validate
                0x10006f94       0x7c CMakeFiles/DisplayC.dir/home/mdlos/.pico-sdk/sdk/2.1.0/lib/tinyusb/src/tusb.c.o
                0x10006f94                tu_edpt_validate
 .text.tu_edpt_bind_driver
                0x10007010       0x34 CMakeFiles/DisplayC.dir/home/mdlos/.pico-sdk/sdk/2.1.0/lib/tinyusb/src/tusb.c.o
                0x10007010                tu_edpt_bind_driver
 .text.tu_edpt_stream_init
                0x10007044       0x6c CMakeFiles/DisplayC.dir/home/mdlos/.pico-sdk/sdk/2.1.0/lib/tinyusb/src/tusb.c.o
                0x10007044                tu_edpt_stream_init
 .text.tu_edpt_stream_deinit
                0x100070b0        0x4 CMakeFiles/DisplayC.dir/home/mdlos/.pico-sdk/sdk/2.1.0/lib/tinyusb/src/tusb.c.o
                0x100070b0                tu_edpt_stream_deinit
 .text.tu_edpt_stream_write_zlp_if_needed
                0x100070b4       0x68 CMakeFiles/DisplayC.dir/home/mdlos/.pico-sdk/sdk/2.1.0/lib/tinyusb/src/tusb.c.o
                0x100070b4                tu_edpt_stream_write_zlp_if_needed
 .text.tu_edpt_stream_write_xfer
                0x1000711c       0x64 CMakeFiles/DisplayC.dir/home/mdlos/.pico-sdk/sdk/2.1.0/lib/tinyusb/src/tusb.c.o
                0x1000711c                tu_edpt_stream_write_xfer
 .text.tu_edpt_stream_read_xfer
                0x10007180       0xdc CMakeFiles/DisplayC.dir/home/mdlos/.pico-sdk/sdk/2.1.0/lib/tinyusb/src/tusb.c.o
                0x10007180                tu_edpt_stream_read_xfer
 .text.tu_fifo_config
                0x1000725c       0x6c CMakeFiles/DisplayC.dir/home/mdlos/.pico-sdk/sdk/2.1.0/lib/tinyusb/src/common/tusb_fifo.c.o
                0x1000725c                tu_fifo_config
 .text.tu_fifo_count
                0x100072c8       0x2c CMakeFiles/DisplayC.dir/home/mdlos/.pico-sdk/sdk/2.1.0/lib/tinyusb/src/common/tusb_fifo.c.o
                0x100072c8                tu_fifo_count
 .text.tu_fifo_empty
                0x100072f4       0x10 CMakeFiles/DisplayC.dir/home/mdlos/.pico-sdk/sdk/2.1.0/lib/tinyusb/src/common/tusb_fifo.c.o
                0x100072f4                tu_fifo_empty
 .text.tu_fifo_remaining
                0x10007304       0x2c CMakeFiles/DisplayC.dir/home/mdlos/.pico-sdk/sdk/2.1.0/lib/tinyusb/src/common/tusb_fifo.c.o
                0x10007304                tu_fifo_remaining
 .text.tu_fifo_read
                0x10007330       0x9c CMakeFiles/DisplayC.dir/home/mdlos/.pico-sdk/sdk/2.1.0/lib/tinyusb/src/common/tusb_fifo.c.o
                0x10007330                tu_fifo_read
 .text.tu_fifo_read_n
                0x100073cc       0xe8 CMakeFiles/DisplayC.dir/home/mdlos/.pico-sdk/sdk/2.1.0/lib/tinyusb/src/common/tusb_fifo.c.o
                0x100073cc                tu_fifo_read_n
 .text.tu_fifo_write
                0x100074b4       0xa8 CMakeFiles/DisplayC.dir/home/mdlos/.pico-sdk/sdk/2.1.0/lib/tinyusb/src/common/tusb_fifo.c.o
                0x100074b4                tu_fifo_write
 .text.tu_fifo_write_n
                0x1000755c      0x178 CMakeFiles/DisplayC.dir/home/mdlos/.pico-sdk/sdk/2.1.0/lib/tinyusb/src/common/tusb_fifo.c.o
                0x1000755c                tu_fifo_write_n
 .text.tu_fifo_clear
                0x100076d4       0x40 CMakeFiles/DisplayC.dir/home/mdlos/.pico-sdk/sdk/2.1.0/lib/tinyusb/src/common/tusb_fifo.c.o
                0x100076d4                tu_fifo_clear
 .text.tu_fifo_set_overwritable
                0x10007714       0x48 CMakeFiles/DisplayC.dir/home/mdlos/.pico-sdk/sdk/2.1.0/lib/tinyusb/src/common/tusb_fifo.c.o
                0x10007714                tu_fifo_set_overwritable
 .text.adc_init
                0x1000775c       0x38 CMakeFiles/DisplayC.dir/home/mdlos/.pico-sdk/sdk/2.1.0/src/rp2_common/hardware_adc/adc.c.o
                0x1000775c                adc_init
 .text.i2c_write_blocking_internal.constprop.0
                0x10007794       0xd0 CMakeFiles/DisplayC.dir/home/mdlos/.pico-sdk/sdk/2.1.0/src/rp2_common/hardware_i2c/i2c.c.o
 .text.i2c_set_baudrate
                0x10007864       0xc0 CMakeFiles/DisplayC.dir/home/mdlos/.pico-sdk/sdk/2.1.0/src/rp2_common/hardware_i2c/i2c.c.o
                0x10007864                i2c_set_baudrate
 .text.i2c_init
                0x10007924       0x50 CMakeFiles/DisplayC.dir/home/mdlos/.pico-sdk/sdk/2.1.0/src/rp2_common/hardware_i2c/i2c.c.o
                0x10007924                i2c_init
 .text.i2c_write_blocking
                0x10007974       0x14 CMakeFiles/DisplayC.dir/home/mdlos/.pico-sdk/sdk/2.1.0/src/rp2_common/hardware_i2c/i2c.c.o
                0x10007974                i2c_write_blocking
 .text.strlen   0x10007988       0x5c /home/mdlos/.pico-sdk/toolchain/13_3_Rel1/bin/../lib/gcc/arm-none-eabi/13.3.1/../../../../arm-none-eabi/lib/thumb/v6-m/nofp/libg.a(libc_a-strlen-stub.o)
                0x10007988                strlen
 .text._malloc_r
                0x100079e4      0x5c4 /home/mdlos/.pico-sdk/toolchain/13_3_Rel1/bin/../lib/gcc/arm-none-eabi/13.3.1/../../../../arm-none-eabi/lib/thumb/v6-m/nofp/libg.a(libc_a-mallocr.o)
                0x100079e4                _malloc_r
 .text._sbrk_r  0x10007fa8       0x24 /home/mdlos/.pico-sdk/toolchain/13_3_Rel1/bin/../lib/gcc/arm-none-eabi/13.3.1/../../../../arm-none-eabi/lib/thumb/v6-m/nofp/libg.a(libc_a-sbrkr.o)
                0x10007fa8                _sbrk_r
 .text.__malloc_lock
                0x10007fcc       0x10 /home/mdlos/.pico-sdk/toolchain/13_3_Rel1/bin/../lib/gcc/arm-none-eabi/13.3.1/../../../../arm-none-eabi/lib/thumb/v6-m/nofp/libg.a(libc_a-mlock.o)
                0x10007fcc                __malloc_lock
 .text.__malloc_unlock
                0x10007fdc       0x10 /home/mdlos/.pico-sdk/toolchain/13_3_Rel1/bin/../lib/gcc/arm-none-eabi/13.3.1/../../../../arm-none-eabi/lib/thumb/v6-m/nofp/libg.a(libc_a-mlock.o)
                0x10007fdc                __malloc_unlock
 .text.calloc   0x10007fec       0x18 /home/mdlos/.pico-sdk/toolchain/13_3_Rel1/bin/../lib/gcc/arm-none-eabi/13.3.1/../../../../arm-none-eabi/lib/thumb/v6-m/nofp/libg.a(libc_a-calloc.o)
                0x10007fec                calloc
 .text._calloc_r
                0x10008004       0xa8 /home/mdlos/.pico-sdk/toolchain/13_3_Rel1/bin/../lib/gcc/arm-none-eabi/13.3.1/../../../../arm-none-eabi/lib/thumb/v6-m/nofp/libg.a(libc_a-callocr.o)
                0x10008004                _calloc_r
 .text.__retarget_lock_acquire_recursive
                0x100080ac        0x4 /home/mdlos/.pico-sdk/toolchain/13_3_Rel1/bin/../lib/gcc/arm-none-eabi/13.3.1/../../../../arm-none-eabi/lib/thumb/v6-m/nofp/libg.a(libc_a-lock.o)
                0x100080ac                __retarget_lock_acquire_recursive
 .text.__retarget_lock_release_recursive
                0x100080b0        0x4 /home/mdlos/.pico-sdk/toolchain/13_3_Rel1/bin/../lib/gcc/arm-none-eabi/13.3.1/../../../../arm-none-eabi/lib/thumb/v6-m/nofp/libg.a(libc_a-lock.o)
                0x100080b0                __retarget_lock_release_recursive
 .text.sysconf  0x100080b4       0x1c /home/mdlos/.pico-sdk/toolchain/13_3_Rel1/bin/../lib/gcc/arm-none-eabi/13.3.1/../../../../arm-none-eabi/lib/thumb/v6-m/nofp/libg.a(libc_a-sysconf.o)
                0x100080b4                sysconf
 .text._malloc_trim_r
                0x100080d0       0xb4 /home/mdlos/.pico-sdk/toolchain/13_3_Rel1/bin/../lib/gcc/arm-none-eabi/13.3.1/../../../../arm-none-eabi/lib/thumb/v6-m/nofp/libg.a(libc_a-freer.o)
                0x100080d0                _malloc_trim_r
 .text._free_r  0x10008184      0x1d4 /home/mdlos/.pico-sdk/toolchain/13_3_Rel1/bin/../lib/gcc/arm-none-eabi/13.3.1/../../../../arm-none-eabi/lib/thumb/v6-m/nofp/libg.a(libc_a-freer.o)
                0x10008184                _free_r
 .text.__errno  0x10008358        0xc /home/mdlos/.pico-sdk/toolchain/13_3_Rel1/bin/../lib/gcc/arm-none-eabi/13.3.1/../../../../arm-none-eabi/lib/thumb/v6-m/nofp/libg.a(libc_a-errno.o)
                0x10008358                __errno
 *(.fini)
 .fini          0x10008364        0x4 /home/mdlos/.pico-sdk/toolchain/13_3_Rel1/bin/../lib/gcc/arm-none-eabi/13.3.1/thumb/v6-m/nofp/crti.o
                0x10008364                _fini
 .fini.__stub   0x10008368       0xc0 linker stubs
 *crtbegin.o(.ctors)
 *crtbegin?.o(.ctors)
 *(EXCLUDE_FILE(*crtend.o *crtend?.o) .ctors)
 *(SORT_BY_NAME(.ctors.*))
 *(.ctors)
 *crtbegin.o(.dtors)
 *crtbegin?.o(.dtors)
 *(EXCLUDE_FILE(*crtend.o *crtend?.o) .dtors)
 *(SORT_BY_NAME(.dtors.*))
 *(.dtors)
                0x10008428                        . = ALIGN (0x4)
                0x10008428                        PROVIDE (__preinit_array_start = .)
 *(SORT_BY_NAME(.preinit_array.*))
 .preinit_array.00100
                0x10008428        0x4 CMakeFiles/DisplayC.dir/home/mdlos/.pico-sdk/sdk/2.1.0/src/rp2_common/pico_runtime_init/runtime_init.c.o
                0x10008428                __pre_init_runtime_init_early_resets
 .preinit_array.00101
                0x1000842c        0x4 CMakeFiles/DisplayC.dir/home/mdlos/.pico-sdk/sdk/2.1.0/src/rp2_common/pico_runtime_init/runtime_init.c.o
                0x1000842c                __pre_init_runtime_init_usb_power_down
 .preinit_array.00275
                0x10008430        0x4 CMakeFiles/DisplayC.dir/home/mdlos/.pico-sdk/sdk/2.1.0/src/rp2_common/pico_bit_ops/bit_ops_aeabi.S.o
 .preinit_array.00300
                0x10008434        0x4 CMakeFiles/DisplayC.dir/home/mdlos/.pico-sdk/sdk/2.1.0/src/rp2_common/pico_mem_ops/mem_ops_aeabi.S.o
 .preinit_array.00350
                0x10008438        0x4 CMakeFiles/DisplayC.dir/home/mdlos/.pico-sdk/sdk/2.1.0/src/rp2_common/pico_double/double_aeabi_rp2040.S.o
 .preinit_array.00350
                0x1000843c        0x4 CMakeFiles/DisplayC.dir/home/mdlos/.pico-sdk/sdk/2.1.0/src/rp2_common/pico_float/float_aeabi_rp2040.S.o
 .preinit_array.00500
                0x10008440        0x4 CMakeFiles/DisplayC.dir/home/mdlos/.pico-sdk/sdk/2.1.0/src/rp2_common/pico_runtime_init/runtime_init.c.o
                0x10008440                __pre_init_runtime_init_clocks
 .preinit_array.00600
                0x10008444        0x4 CMakeFiles/DisplayC.dir/home/mdlos/.pico-sdk/sdk/2.1.0/src/rp2_common/pico_runtime_init/runtime_init.c.o
                0x10008444                __pre_init_runtime_init_post_clock_resets
 .preinit_array.00700
                0x10008448        0x4 CMakeFiles/DisplayC.dir/home/mdlos/.pico-sdk/sdk/2.1.0/src/rp2_common/pico_runtime_init/runtime_init.c.o
                0x10008448                __pre_init_runtime_init_rp2040_gpio_ie_disable
 .preinit_array.01000
                0x1000844c        0x4 CMakeFiles/DisplayC.dir/home/mdlos/.pico-sdk/sdk/2.1.0/src/rp2_common/pico_runtime_init/runtime_init.c.o
                0x1000844c                __pre_init_runtime_init_spin_locks_reset
 .preinit_array.01100
                0x10008450        0x4 CMakeFiles/DisplayC.dir/home/mdlos/.pico-sdk/sdk/2.1.0/src/common/pico_sync/mutex.c.o
                0x10008450                __pre_init_runtime_init_mutex
 .preinit_array.10080
                0x10008454        0x4 CMakeFiles/DisplayC.dir/home/mdlos/.pico-sdk/sdk/2.1.0/src/rp2_common/pico_runtime_init/runtime_init.c.o
                0x10008454                __pre_init_runtime_init_install_ram_vector_table
 .preinit_array.11000
                0x10008458        0x4 CMakeFiles/DisplayC.dir/home/mdlos/.pico-sdk/sdk/2.1.0/src/common/pico_time/time.c.o
                0x10008458                __pre_init_runtime_init_default_alarm_pool
 .preinit_array.YYYYY
                0x1000845c        0x4 CMakeFiles/DisplayC.dir/home/mdlos/.pico-sdk/sdk/2.1.0/src/rp2_common/pico_runtime/runtime.c.o
                0x1000845c                __pre_init_first_per_core_initializer
 .preinit_array.ZZZZZ.01200
                0x10008460        0x4 CMakeFiles/DisplayC.dir/home/mdlos/.pico-sdk/sdk/2.1.0/src/rp2_common/hardware_irq/irq.c.o
                0x10008460                __pre_init_runtime_init_per_core_irq_priorities
 *(.preinit_array)
                0x10008464                        PROVIDE (__preinit_array_end = .)
                0x10008464                        . = ALIGN (0x4)
                0x10008464                        PROVIDE (__init_array_start = .)
 *(SORT_BY_NAME(.init_array.*))
 *(.init_array)
 .init_array    0x10008464        0x4 /home/mdlos/.pico-sdk/toolchain/13_3_Rel1/bin/../lib/gcc/arm-none-eabi/13.3.1/thumb/v6-m/nofp/crtbegin.o
 .init_array    0x10008468        0x4 CMakeFiles/DisplayC.dir/home/mdlos/.pico-sdk/sdk/2.1.0/src/rp2_common/pico_unique_id/unique_id.c.o
                0x1000846c                        PROVIDE (__init_array_end = .)
                0x1000846c                        . = ALIGN (0x4)
                [!provide]                        PROVIDE (__fini_array_start = .)
 *(SORT_BY_NAME(.fini_array.*))
 *(.fini_array)
                [!provide]                        PROVIDE (__fini_array_end = .)
 *(.eh_frame*)
 .eh_frame      0x1000846c        0x0 /home/mdlos/.pico-sdk/toolchain/13_3_Rel1/bin/../lib/gcc/arm-none-eabi/13.3.1/thumb/v6-m/nofp/crtbegin.o
                0x1000846c                        . = ALIGN (0x4)

.glue_7         0x1000846c        0x0
 .glue_7        0x1000846c        0x0 linker stubs

.glue_7t        0x1000846c        0x0
 .glue_7t       0x1000846c        0x0 linker stubs

.vfp11_veneer   0x1000846c        0x0
 .vfp11_veneer  0x1000846c        0x0 linker stubs

.v4_bx          0x1000846c        0x0
 .v4_bx         0x1000846c        0x0 linker stubs

.iplt           0x1000846c        0x0
 .iplt          0x1000846c        0x0 /home/mdlos/.pico-sdk/toolchain/13_3_Rel1/bin/../lib/gcc/arm-none-eabi/13.3.1/thumb/v6-m/nofp/crtbegin.o

.rodata         0x10008470      0x63c
 *(EXCLUDE_FILE(*libm.a: *libc.a:*lib_a-mem*.o *libgcc.a:) .rodata*)
 .rodata.main.str1.4
                0x10008470      0x188 CMakeFiles/DisplayC.dir/DisplayC.c.o
                                  0x3 (size before relaxing)
 .rodata.panic.str1.4
                0x100085f8       0x12 CMakeFiles/DisplayC.dir/home/mdlos/.pico-sdk/sdk/2.1.0/src/rp2_common/pico_platform_panic/panic.c.o
 .rodata.spin_lock_claim_unused.str1.4
                0x100085f8       0x1b CMakeFiles/DisplayC.dir/home/mdlos/.pico-sdk/sdk/2.1.0/src/rp2_common/hardware_sync/sync.c.o
 .rodata.user_irq_claim_unused.str1.4
                0x100085f8       0x1b CMakeFiles/DisplayC.dir/home/mdlos/.pico-sdk/sdk/2.1.0/src/rp2_common/hardware_irq/irq.c.o
 .rodata.timer_hardware_alarm_claim.str1.4
                0x100085f8       0x22 CMakeFiles/DisplayC.dir/home/mdlos/.pico-sdk/sdk/2.1.0/src/rp2_common/hardware_timer/timer.c.o
 .rodata.hard_assertion_failure.str1.4
                0x100085f8        0xc CMakeFiles/DisplayC.dir/home/mdlos/.pico-sdk/sdk/2.1.0/src/rp2_common/pico_runtime/runtime.c.o
 .rodata.__wrap_malloc.str1.4
                0x100085f8        0xe CMakeFiles/DisplayC.dir/home/mdlos/.pico-sdk/sdk/2.1.0/src/rp2_common/pico_malloc/malloc.c.o
 .rodata.str1.4
                0x100085f8       0x44 CMakeFiles/DisplayC.dir/home/mdlos/.pico-sdk/sdk/2.1.0/src/rp2_common/pico_standard_binary_info/standard_binary_info.c.o
 .rodata.__bi_84
                0x100085f8        0xc CMakeFiles/DisplayC.dir/home/mdlos/.pico-sdk/sdk/2.1.0/src/rp2_common/pico_standard_binary_info/standard_binary_info.c.o
 .rodata.__bi_78
                0x10008604        0xc CMakeFiles/DisplayC.dir/home/mdlos/.pico-sdk/sdk/2.1.0/src/rp2_common/pico_standard_binary_info/standard_binary_info.c.o
 .rodata.__bi_60
                0x10008610        0xc CMakeFiles/DisplayC.dir/home/mdlos/.pico-sdk/sdk/2.1.0/src/rp2_common/pico_standard_binary_info/standard_binary_info.c.o
 .rodata.__bi_54
                0x1000861c        0xc CMakeFiles/DisplayC.dir/home/mdlos/.pico-sdk/sdk/2.1.0/src/rp2_common/pico_standard_binary_info/standard_binary_info.c.o
 .rodata.__bi_48
                0x10008628        0xc CMakeFiles/DisplayC.dir/home/mdlos/.pico-sdk/sdk/2.1.0/src/rp2_common/pico_standard_binary_info/standard_binary_info.c.o
 .rodata.__bi_42
                0x10008634        0xc CMakeFiles/DisplayC.dir/home/mdlos/.pico-sdk/sdk/2.1.0/src/rp2_common/pico_standard_binary_info/standard_binary_info.c.o
 .rodata.__bi_34
                0x10008640        0xc CMakeFiles/DisplayC.dir/home/mdlos/.pico-sdk/sdk/2.1.0/src/rp2_common/pico_standard_binary_info/standard_binary_info.c.o
 .rodata.__bi_26
                0x1000864c        0xc CMakeFiles/DisplayC.dir/home/mdlos/.pico-sdk/sdk/2.1.0/src/rp2_common/pico_standard_binary_info/standard_binary_info.c.o
 .rodata._ftoa.str1.4
                0x10008658       0x15 CMakeFiles/DisplayC.dir/home/mdlos/.pico-sdk/sdk/2.1.0/src/rp2_common/pico_printf/printf.c.o
 .rodata._vsnprintf
                0x10008658      0x19c CMakeFiles/DisplayC.dir/home/mdlos/.pico-sdk/sdk/2.1.0/src/rp2_common/pico_printf/printf.c.o
 *fill*         0x100087f4        0x4 
 .rodata.pow10.0
                0x100087f8       0x50 CMakeFiles/DisplayC.dir/home/mdlos/.pico-sdk/sdk/2.1.0/src/rp2_common/pico_printf/printf.c.o
 .rodata.crlf_str.0
                0x10008848        0x2 CMakeFiles/DisplayC.dir/home/mdlos/.pico-sdk/sdk/2.1.0/src/rp2_common/pico_stdio/stdio.c.o
 *fill*         0x1000884a        0x2 
 .rodata._resetd_driver
                0x1000884c       0x20 CMakeFiles/DisplayC.dir/home/mdlos/.pico-sdk/sdk/2.1.0/src/rp2_common/pico_stdio_usb/reset_interface.c.o
 .rodata.desc_ms_os_20
                0x1000886c       0xa6 CMakeFiles/DisplayC.dir/home/mdlos/.pico-sdk/sdk/2.1.0/src/rp2_common/pico_stdio_usb/reset_interface.c.o
 *fill*         0x10008912        0x2 
 .rodata.desc_bos
                0x10008914       0x21 CMakeFiles/DisplayC.dir/home/mdlos/.pico-sdk/sdk/2.1.0/src/rp2_common/pico_stdio_usb/reset_interface.c.o
                0x10008914                desc_bos
 .rodata.str1.4
                0x10008935       0x13 CMakeFiles/DisplayC.dir/home/mdlos/.pico-sdk/sdk/2.1.0/src/rp2_common/pico_stdio_usb/stdio_usb.c.o
 *fill*         0x10008935        0x3 
 .rodata.__bi_197.0
                0x10008938        0xc CMakeFiles/DisplayC.dir/home/mdlos/.pico-sdk/sdk/2.1.0/src/rp2_common/pico_stdio_usb/stdio_usb.c.o
 .rodata.str1.4
                0x10008944       0x2a CMakeFiles/DisplayC.dir/home/mdlos/.pico-sdk/sdk/2.1.0/src/rp2_common/pico_stdio_usb/stdio_usb_descriptors.c.o
 .rodata.usbd_desc_str
                0x10008944       0x18 CMakeFiles/DisplayC.dir/home/mdlos/.pico-sdk/sdk/2.1.0/src/rp2_common/pico_stdio_usb/stdio_usb_descriptors.c.o
 .rodata.usbd_desc_cfg
                0x1000895c       0x54 CMakeFiles/DisplayC.dir/home/mdlos/.pico-sdk/sdk/2.1.0/src/rp2_common/pico_stdio_usb/stdio_usb_descriptors.c.o
 .rodata.usbd_desc_device
                0x100089b0       0x12 CMakeFiles/DisplayC.dir/home/mdlos/.pico-sdk/sdk/2.1.0/src/rp2_common/pico_stdio_usb/stdio_usb_descriptors.c.o
 .rodata.str1.4
                0x100089c2       0x14 CMakeFiles/DisplayC.dir/home/mdlos/.pico-sdk/sdk/2.1.0/lib/tinyusb/src/portable/raspberrypi/rp2040/dcd_rp2040.c.o
 .rodata.str1.4
                0x100089c2       0x48 CMakeFiles/DisplayC.dir/home/mdlos/.pico-sdk/sdk/2.1.0/lib/tinyusb/src/portable/raspberrypi/rp2040/rp2040_usb.c.o
 *fill*         0x100089c2        0x2 
 .rodata.tud_task_ext
                0x100089c4       0x8c CMakeFiles/DisplayC.dir/home/mdlos/.pico-sdk/sdk/2.1.0/lib/tinyusb/src/device/usbd.c.o
 .rodata        0x10008a50       0x1c CMakeFiles/DisplayC.dir/home/mdlos/.pico-sdk/sdk/2.1.0/lib/tinyusb/src/device/usbd.c.o
 .rodata._usbd_driver
                0x10008a6c       0x40 CMakeFiles/DisplayC.dir/home/mdlos/.pico-sdk/sdk/2.1.0/lib/tinyusb/src/device/usbd.c.o
                0x10008aac                        . = ALIGN (0x4)
 *(SORT_BY_ALIGNMENT(SORT_BY_NAME(.flashdata*)))
                0x10008aac                        . = ALIGN (0x4)

.ARM.extab
 *(.ARM.extab* .gnu.linkonce.armextab.*)
                0x10008aac                        __exidx_start = .

.ARM.exidx
 *(.ARM.exidx* .gnu.linkonce.armexidx.*)
                0x10008aac                        __exidx_end = .
                0x10008aac                        . = ALIGN (0x4)
                0x10008aac                        __binary_info_start = .

.binary_info    0x10008aac       0x24
 *(.binary_info.keep.*)
 .binary_info.keep.__bi_ptr84
                0x10008aac        0x4 CMakeFiles/DisplayC.dir/home/mdlos/.pico-sdk/sdk/2.1.0/src/rp2_common/pico_standard_binary_info/standard_binary_info.c.o
 .binary_info.keep.__bi_ptr78
                0x10008ab0        0x4 CMakeFiles/DisplayC.dir/home/mdlos/.pico-sdk/sdk/2.1.0/src/rp2_common/pico_standard_binary_info/standard_binary_info.c.o
 .binary_info.keep.__bi_ptr60
                0x10008ab4        0x4 CMakeFiles/DisplayC.dir/home/mdlos/.pico-sdk/sdk/2.1.0/src/rp2_common/pico_standard_binary_info/standard_binary_info.c.o
 .binary_info.keep.__bi_ptr54
                0x10008ab8        0x4 CMakeFiles/DisplayC.dir/home/mdlos/.pico-sdk/sdk/2.1.0/src/rp2_common/pico_standard_binary_info/standard_binary_info.c.o
 .binary_info.keep.__bi_ptr48
                0x10008abc        0x4 CMakeFiles/DisplayC.dir/home/mdlos/.pico-sdk/sdk/2.1.0/src/rp2_common/pico_standard_binary_info/standard_binary_info.c.o
 .binary_info.keep.__bi_ptr42
                0x10008ac0        0x4 CMakeFiles/DisplayC.dir/home/mdlos/.pico-sdk/sdk/2.1.0/src/rp2_common/pico_standard_binary_info/standard_binary_info.c.o
 .binary_info.keep.__bi_ptr34
                0x10008ac4        0x4 CMakeFiles/DisplayC.dir/home/mdlos/.pico-sdk/sdk/2.1.0/src/rp2_common/pico_standard_binary_info/standard_binary_info.c.o
 .binary_info.keep.__bi_ptr26
                0x10008ac8        0x4 CMakeFiles/DisplayC.dir/home/mdlos/.pico-sdk/sdk/2.1.0/src/rp2_common/pico_standard_binary_info/standard_binary_info.c.o
 *(.binary_info.*)
 .binary_info.__bi_ptr197
                0x10008acc        0x4 CMakeFiles/DisplayC.dir/home/mdlos/.pico-sdk/sdk/2.1.0/src/rp2_common/pico_stdio_usb/stdio_usb.c.o
                0x10008ad0                        __binary_info_end = .

.rel.dyn        0x10008ad0        0x0
 .rel.iplt      0x10008ad0        0x0 /home/mdlos/.pico-sdk/toolchain/13_3_Rel1/bin/../lib/gcc/arm-none-eabi/13.3.1/thumb/v6-m/nofp/crtbegin.o
                0x10008ad0                        . = ALIGN (0x4)

.ram_vector_table
                0x20000000       0xc0
 *(.ram_vector_table)
 .ram_vector_table
                0x20000000       0xc0 CMakeFiles/DisplayC.dir/home/mdlos/.pico-sdk/sdk/2.1.0/src/rp2_common/pico_runtime_init/runtime_init.c.o
                0x20000000                ram_vector_table

.uninitialized_data
                0x200000c0        0x0
                0x200000c0                        . = ALIGN (0x4)
 *(.uninitialized_data*)

.data           0x200000c0     0x1508 load address 0x10008ad0
                0x200000c0                        __data_start__ = .
 *(vtable)
 *(.time_critical*)
 .time_critical.mutex_try_enter
                0x200000c0       0x40 CMakeFiles/DisplayC.dir/home/mdlos/.pico-sdk/sdk/2.1.0/src/common/pico_sync/mutex.c.o
                0x200000c0                mutex_try_enter
 .time_critical.mutex_try_enter_block_until
                0x20000100       0x9c CMakeFiles/DisplayC.dir/home/mdlos/.pico-sdk/sdk/2.1.0/src/common/pico_sync/mutex.c.o
                0x20000100                mutex_try_enter_block_until
 .time_critical.mutex_enter_timeout_ms
                0x2000019c       0x90 CMakeFiles/DisplayC.dir/home/mdlos/.pico-sdk/sdk/2.1.0/src/common/pico_sync/mutex.c.o
                0x2000019c                mutex_enter_timeout_ms
 .time_critical.mutex_exit
                0x2000022c       0x28 CMakeFiles/DisplayC.dir/home/mdlos/.pico-sdk/sdk/2.1.0/src/common/pico_sync/mutex.c.o
                0x2000022c                mutex_exit
 .time_critical.flash_init_boot2_copyout
                0x20000254       0x30 CMakeFiles/DisplayC.dir/home/mdlos/.pico-sdk/sdk/2.1.0/src/rp2_common/hardware_flash/flash.c.o
 .time_critical.flash_enable_xip_via_boot2
                0x20000284        0xc CMakeFiles/DisplayC.dir/home/mdlos/.pico-sdk/sdk/2.1.0/src/rp2_common/hardware_flash/flash.c.o
 .time_critical.flash_cs_force
                0x20000290       0x38 CMakeFiles/DisplayC.dir/home/mdlos/.pico-sdk/sdk/2.1.0/src/rp2_common/hardware_flash/flash.c.o
 .time_critical.flash_do_cmd
                0x200002c8       0xc0 CMakeFiles/DisplayC.dir/home/mdlos/.pico-sdk/sdk/2.1.0/src/rp2_common/hardware_flash/flash.c.o
                0x200002c8                flash_do_cmd
 .time_critical.reset_non_control_endpoints
                0x20000388       0x68 CMakeFiles/DisplayC.dir/home/mdlos/.pico-sdk/sdk/2.1.0/lib/tinyusb/src/portable/raspberrypi/rp2040/dcd_rp2040.c.o
 .time_critical.hw_handle_buff_status
                0x200003f0       0xb0 CMakeFiles/DisplayC.dir/home/mdlos/.pico-sdk/sdk/2.1.0/lib/tinyusb/src/portable/raspberrypi/rp2040/dcd_rp2040.c.o
 .time_critical.dcd_rp2040_irq
                0x200004a0      0x578 CMakeFiles/DisplayC.dir/home/mdlos/.pico-sdk/sdk/2.1.0/lib/tinyusb/src/portable/raspberrypi/rp2040/dcd_rp2040.c.o
 .time_critical.prepare_ep_buffer
                0x20000a18       0xe0 CMakeFiles/DisplayC.dir/home/mdlos/.pico-sdk/sdk/2.1.0/lib/tinyusb/src/portable/raspberrypi/rp2040/rp2040_usb.c.o
 .time_critical.sync_ep_buffer
                0x20000af8       0xa8 CMakeFiles/DisplayC.dir/home/mdlos/.pico-sdk/sdk/2.1.0/lib/tinyusb/src/portable/raspberrypi/rp2040/rp2040_usb.c.o
 .time_critical._hw_endpoint_xfer_sync
                0x20000ba0       0x28 CMakeFiles/DisplayC.dir/home/mdlos/.pico-sdk/sdk/2.1.0/lib/tinyusb/src/portable/raspberrypi/rp2040/rp2040_usb.c.o
 .time_critical.e15_is_bulkin_ep
                0x20000bc8       0x28 CMakeFiles/DisplayC.dir/home/mdlos/.pico-sdk/sdk/2.1.0/lib/tinyusb/src/portable/raspberrypi/rp2040/rp2040_usb.c.o
 .time_critical.e15_is_critical_frame_period
                0x20000bf0       0x34 CMakeFiles/DisplayC.dir/home/mdlos/.pico-sdk/sdk/2.1.0/lib/tinyusb/src/portable/raspberrypi/rp2040/rp2040_usb.c.o
 .time_critical.hw_endpoint_reset_transfer
                0x20000c24        0xc CMakeFiles/DisplayC.dir/home/mdlos/.pico-sdk/sdk/2.1.0/lib/tinyusb/src/portable/raspberrypi/rp2040/rp2040_usb.c.o
                0x20000c24                hw_endpoint_reset_transfer
 .time_critical._hw_endpoint_buffer_control_update32
                0x20000c30       0x50 CMakeFiles/DisplayC.dir/home/mdlos/.pico-sdk/sdk/2.1.0/lib/tinyusb/src/portable/raspberrypi/rp2040/rp2040_usb.c.o
                0x20000c30                _hw_endpoint_buffer_control_update32
 .time_critical.hw_endpoint_start_next_buffer
                0x20000c80       0x6c CMakeFiles/DisplayC.dir/home/mdlos/.pico-sdk/sdk/2.1.0/lib/tinyusb/src/portable/raspberrypi/rp2040/rp2040_usb.c.o
                0x20000c80                hw_endpoint_start_next_buffer
 .time_critical.hw_endpoint_xfer_continue
                0x20000cec       0x40 CMakeFiles/DisplayC.dir/home/mdlos/.pico-sdk/sdk/2.1.0/lib/tinyusb/src/portable/raspberrypi/rp2040/rp2040_usb.c.o
                0x20000cec                hw_endpoint_xfer_continue
 .time_critical.tinyusb
                0x20000d2c      0x1e4 CMakeFiles/DisplayC.dir/home/mdlos/.pico-sdk/sdk/2.1.0/lib/tinyusb/src/device/usbd.c.o
                0x20000d2c                dcd_event_handler
 *(.text*)
 .text          0x20000f10        0x4 /home/mdlos/.pico-sdk/toolchain/13_3_Rel1/bin/../lib/gcc/arm-none-eabi/13.3.1/thumb/v6-m/nofp/libgcc.a(_dvmd_tls.o)
                0x20000f10                __aeabi_ldiv0
                0x20000f10                __aeabi_idiv0
 *fill*         0x20000f14        0x4 
 .text.__stub   0x20000f18       0x80 linker stubs
                0x20000f98                        . = ALIGN (0x4)
 *(.rodata*)
                0x20000f98                        . = ALIGN (0x4)
 *(.data*)
 .data.pwm_ativado
                0x20000f98        0x1 CMakeFiles/DisplayC.dir/DisplayC.c.o
                0x20000f98                pwm_ativado
 .data.striped_spin_lock_num
                0x20000f99        0x1 CMakeFiles/DisplayC.dir/home/mdlos/.pico-sdk/sdk/2.1.0/src/rp2_common/hardware_sync/sync.c.o
 *fill*         0x20000f9a        0x2 
 .data          0x20000f9c       0x48 CMakeFiles/DisplayC.dir/home/mdlos/.pico-sdk/sdk/2.1.0/src/rp2_common/hardware_irq/irq_handler_chain.S.o
                0x20000f9c                irq_handler_chain_slots
                0x20000fcc                irq_handler_chain_first_slot
                0x20000fd6                irq_handler_chain_remove_tail
 .data.default_alarm_pool
                0x20000fe4       0x18 CMakeFiles/DisplayC.dir/home/mdlos/.pico-sdk/sdk/2.1.0/src/common/pico_time/time.c.o
 *fill*         0x20000ffc        0x4 
 .data.aeabi_bits_funcs
                0x20001000       0x10 CMakeFiles/DisplayC.dir/home/mdlos/.pico-sdk/sdk/2.1.0/src/rp2_common/pico_bit_ops/bit_ops_aeabi.S.o
                0x20001000                aeabi_bits_funcs
                0x20001010                aeabi_bits_funcs_end
 .data.aeabi_mem_funcs
                0x20001010       0x10 CMakeFiles/DisplayC.dir/home/mdlos/.pico-sdk/sdk/2.1.0/src/rp2_common/pico_mem_ops/mem_ops_aeabi.S.o
                0x20001010                aeabi_mem_funcs
                0x20001020                aeabi_mem_funcs_end
 .data.stdio_usb
                0x20001020       0x18 CMakeFiles/DisplayC.dir/home/mdlos/.pico-sdk/sdk/2.1.0/src/rp2_common/pico_stdio_usb/stdio_usb.c.o
                0x20001020                stdio_usb
 .data._usbd_qdef
                0x20001038       0x1c CMakeFiles/DisplayC.dir/home/mdlos/.pico-sdk/sdk/2.1.0/lib/tinyusb/src/device/usbd.c.o
                0x20001038                _usbd_qdef
 .data._usbd_rhport
                0x20001054        0x1 CMakeFiles/DisplayC.dir/home/mdlos/.pico-sdk/sdk/2.1.0/lib/tinyusb/src/device/usbd.c.o
 *fill*         0x20001055        0x3 
 .data.i2c1_inst
                0x20001058        0x8 CMakeFiles/DisplayC.dir/home/mdlos/.pico-sdk/sdk/2.1.0/src/rp2_common/hardware_i2c/i2c.c.o
                0x20001058                i2c1_inst
 .data.i2c0_inst
                0x20001060        0x8 CMakeFiles/DisplayC.dir/home/mdlos/.pico-sdk/sdk/2.1.0/src/rp2_common/hardware_i2c/i2c.c.o
                0x20001060                i2c0_inst
 .data.__malloc_sbrk_base
                0x20001068        0x4 /home/mdlos/.pico-sdk/toolchain/13_3_Rel1/bin/../lib/gcc/arm-none-eabi/13.3.1/../../../../arm-none-eabi/lib/thumb/v6-m/nofp/libg.a(libc_a-mallocr.o)
                0x20001068                __malloc_sbrk_base
 .data.__malloc_trim_threshold
                0x2000106c        0x4 /home/mdlos/.pico-sdk/toolchain/13_3_Rel1/bin/../lib/gcc/arm-none-eabi/13.3.1/../../../../arm-none-eabi/lib/thumb/v6-m/nofp/libg.a(libc_a-mallocr.o)
                0x2000106c                __malloc_trim_threshold
 .data.__malloc_av_
                0x20001070      0x408 /home/mdlos/.pico-sdk/toolchain/13_3_Rel1/bin/../lib/gcc/arm-none-eabi/13.3.1/../../../../arm-none-eabi/lib/thumb/v6-m/nofp/libg.a(libc_a-mallocr.o)
                0x20001070                __malloc_av_
 .data._impure_ptr
                0x20001478        0x4 /home/mdlos/.pico-sdk/toolchain/13_3_Rel1/bin/../lib/gcc/arm-none-eabi/13.3.1/../../../../arm-none-eabi/lib/thumb/v6-m/nofp/libg.a(libc_a-impure.o)
                0x20001478                _impure_ptr
 *fill*         0x2000147c        0x4 
 .data._impure_data
                0x20001480      0x140 /home/mdlos/.pico-sdk/toolchain/13_3_Rel1/bin/../lib/gcc/arm-none-eabi/13.3.1/../../../../arm-none-eabi/lib/thumb/v6-m/nofp/libg.a(libc_a-impure.o)
                0x20001480                _impure_data
                0x200015c0                        . = ALIGN (0x4)
 *(.after_data.*)
                0x200015c0                        . = ALIGN (0x4)
                0x200015c0                        PROVIDE (__mutex_array_start = .)
 *(SORT_BY_NAME(.mutex_array.*))
 *(.mutex_array)
 .mutex_array   0x200015c0        0x8 CMakeFiles/DisplayC.dir/home/mdlos/.pico-sdk/sdk/2.1.0/src/rp2_common/pico_stdio/stdio.c.o
                0x200015c8                        PROVIDE (__mutex_array_end = .)
                0x200015c8                        . = ALIGN (0x4)
 *(.jcr)
                0x200015c8                        . = ALIGN (0x4)

.tm_clone_table
                0x200015c8        0x0 load address 0x10009fd8
 .tm_clone_table
                0x200015c8        0x0 /home/mdlos/.pico-sdk/toolchain/13_3_Rel1/bin/../lib/gcc/arm-none-eabi/13.3.1/thumb/v6-m/nofp/crtbegin.o
 .tm_clone_table
                0x200015c8        0x0 /home/mdlos/.pico-sdk/toolchain/13_3_Rel1/bin/../lib/gcc/arm-none-eabi/13.3.1/thumb/v6-m/nofp/crtend.o

.igot.plt       0x200015c8        0x0 load address 0x10009fd8
 .igot.plt      0x200015c8        0x0 /home/mdlos/.pico-sdk/toolchain/13_3_Rel1/bin/../lib/gcc/arm-none-eabi/13.3.1/thumb/v6-m/nofp/crtbegin.o

.tdata          0x200015c8        0x0 load address 0x10009fd8
                0x200015c8                        . = ALIGN (0x4)
 *(.tdata .tdata.* .gnu.linkonce.td.*)
                0x200015c8                        __tdata_end = .
                0x200015c8                        PROVIDE (__data_end__ = .)
                0x10008ad0                        __etext = LOADADDR (.data)

.tbss           0x200015c8        0x0 load address 0x10009fd8
                0x200015c8                        . = ALIGN (0x4)
                0x200015c8                        __bss_start__ = .
                0x200015c8                        __tls_base = .
 *(.tbss .tbss.* .gnu.linkonce.tb.*)
 *(.tcommon)
                0x200015c8                        __tls_end = .

.bss            0x200015c8     0x1214 load address 0x10009fd8
                0x200015c8                        . = ALIGN (0x4)
                0x200015c8                        __tbss_end = .
 *(SORT_BY_ALIGNMENT(SORT_BY_NAME(.bss*)))
 .bss.default_alarm_pool_entries
                0x200015c8      0x180 CMakeFiles/DisplayC.dir/home/mdlos/.pico-sdk/sdk/2.1.0/src/common/pico_time/time.c.o
 .bss.last_avail_time.1
                0x20001748        0x8 CMakeFiles/DisplayC.dir/home/mdlos/.pico-sdk/sdk/2.1.0/src/rp2_common/pico_stdio_usb/stdio_usb.c.o
 .bss.sd_table  0x20001750      0x100 CMakeFiles/DisplayC.dir/home/mdlos/.pico-sdk/sdk/2.1.0/src/rp2_common/pico_double/double_init_rom_rp2040.c.o
                0x20001750                sd_table
 .bss.sf_table  0x20001850      0x100 CMakeFiles/DisplayC.dir/home/mdlos/.pico-sdk/sdk/2.1.0/src/rp2_common/pico_float/float_init_rom_rp2040.c.o
                0x20001850                sf_table
 .bss.ultimo_tempo_botao_a
                0x20001950        0x8 CMakeFiles/DisplayC.dir/DisplayC.c.o
                0x20001950                ultimo_tempo_botao_a
 .bss.ultimo_tempo_joystick
                0x20001958        0x8 CMakeFiles/DisplayC.dir/DisplayC.c.o
                0x20001958                ultimo_tempo_joystick
 .bss.__lock___malloc_recursive_mutex
                0x20001960        0x1 /home/mdlos/.pico-sdk/toolchain/13_3_Rel1/bin/../lib/gcc/arm-none-eabi/13.3.1/../../../../arm-none-eabi/lib/thumb/v6-m/nofp/libg.a(libc_a-lock.o)
                0x20001960                __lock___malloc_recursive_mutex
 *fill*         0x20001961        0x3 
 .bss.__malloc_current_mallinfo
                0x20001964       0x28 /home/mdlos/.pico-sdk/toolchain/13_3_Rel1/bin/../lib/gcc/arm-none-eabi/13.3.1/../../../../arm-none-eabi/lib/thumb/v6-m/nofp/libg.a(libc_a-mallocr.o)
                0x20001964                __malloc_current_mallinfo
 .bss.__malloc_max_sbrked_mem
                0x2000198c        0x4 /home/mdlos/.pico-sdk/toolchain/13_3_Rel1/bin/../lib/gcc/arm-none-eabi/13.3.1/../../../../arm-none-eabi/lib/thumb/v6-m/nofp/libg.a(libc_a-mallocr.o)
                0x2000198c                __malloc_max_sbrked_mem
 .bss.__malloc_max_total_mem
                0x20001990        0x4 /home/mdlos/.pico-sdk/toolchain/13_3_Rel1/bin/../lib/gcc/arm-none-eabi/13.3.1/../../../../arm-none-eabi/lib/thumb/v6-m/nofp/libg.a(libc_a-mallocr.o)
                0x20001990                __malloc_max_total_mem
 .bss.__malloc_top_pad
                0x20001994        0x4 /home/mdlos/.pico-sdk/toolchain/13_3_Rel1/bin/../lib/gcc/arm-none-eabi/13.3.1/../../../../arm-none-eabi/lib/thumb/v6-m/nofp/libg.a(libc_a-mallocr.o)
                0x20001994                __malloc_top_pad
 .bss.__sf      0x20001998      0x138 /home/mdlos/.pico-sdk/toolchain/13_3_Rel1/bin/../lib/gcc/arm-none-eabi/13.3.1/../../../../arm-none-eabi/lib/thumb/v6-m/nofp/libg.a(libc_a-findfp.o)
                0x20001998                __sf
 .bss._app_driver
                0x20001ad0        0x4 CMakeFiles/DisplayC.dir/home/mdlos/.pico-sdk/sdk/2.1.0/lib/tinyusb/src/device/usbd.c.o
 .bss._cdcd_fifo_cfg
                0x20001ad4        0x1 CMakeFiles/DisplayC.dir/home/mdlos/.pico-sdk/sdk/2.1.0/lib/tinyusb/src/class/cdc/cdc_device.c.o
 *fill*         0x20001ad5        0x3 
 .bss._cdcd_itf
                0x20001ad8      0x2c8 CMakeFiles/DisplayC.dir/home/mdlos/.pico-sdk/sdk/2.1.0/lib/tinyusb/src/class/cdc/cdc_device.c.o
 .bss._ctrl_xfer
                0x20001da0       0x14 CMakeFiles/DisplayC.dir/home/mdlos/.pico-sdk/sdk/2.1.0/lib/tinyusb/src/device/usbd_control.c.o
 .bss._ubsd_mutexdef
                0x20001db4        0x8 CMakeFiles/DisplayC.dir/home/mdlos/.pico-sdk/sdk/2.1.0/lib/tinyusb/src/device/usbd.c.o
 .bss._usbd_ctrl_buf
                0x20001dbc       0x40 CMakeFiles/DisplayC.dir/home/mdlos/.pico-sdk/sdk/2.1.0/lib/tinyusb/src/device/usbd_control.c.o
 .bss._usbd_dev
                0x20001dfc       0x54 CMakeFiles/DisplayC.dir/home/mdlos/.pico-sdk/sdk/2.1.0/lib/tinyusb/src/device/usbd.c.o
 .bss._usbd_mutex
                0x20001e50        0x4 CMakeFiles/DisplayC.dir/home/mdlos/.pico-sdk/sdk/2.1.0/lib/tinyusb/src/device/usbd.c.o
 .bss._usbd_q   0x20001e54        0x4 CMakeFiles/DisplayC.dir/home/mdlos/.pico-sdk/sdk/2.1.0/lib/tinyusb/src/device/usbd.c.o
 .bss._usbd_qdef_buf
                0x20001e58       0xc0 CMakeFiles/DisplayC.dir/home/mdlos/.pico-sdk/sdk/2.1.0/lib/tinyusb/src/device/usbd.c.o
                0x20001e58                _usbd_qdef_buf
 .bss._vendord_itf
                0x20001f18      0x2cc CMakeFiles/DisplayC.dir/home/mdlos/.pico-sdk/sdk/2.1.0/lib/tinyusb/src/class/vendor/vendor_device.c.o
 .bss.boot2_copyout
                0x200021e4      0x100 CMakeFiles/DisplayC.dir/home/mdlos/.pico-sdk/sdk/2.1.0/src/rp2_common/hardware_flash/flash.c.o
 .bss.callbacks
                0x200022e4        0x8 CMakeFiles/DisplayC.dir/home/mdlos/.pico-sdk/sdk/2.1.0/src/rp2_common/hardware_gpio/gpio.c.o
 .bss.chars_available_callback
                0x200022ec        0x4 CMakeFiles/DisplayC.dir/home/mdlos/.pico-sdk/sdk/2.1.0/src/rp2_common/pico_stdio_usb/stdio_usb.c.o
 .bss.chars_available_param
                0x200022f0        0x4 CMakeFiles/DisplayC.dir/home/mdlos/.pico-sdk/sdk/2.1.0/src/rp2_common/pico_stdio_usb/stdio_usb.c.o
 .bss.claimed   0x200022f4        0x4 CMakeFiles/DisplayC.dir/home/mdlos/.pico-sdk/sdk/2.1.0/src/rp2_common/hardware_sync/sync.c.o
 .bss.claimed   0x200022f8        0x1 CMakeFiles/DisplayC.dir/home/mdlos/.pico-sdk/sdk/2.1.0/src/rp2_common/hardware_timer/timer.c.o
 *fill*         0x200022f9        0x3 
 .bss.configured_freq
                0x200022fc       0x28 CMakeFiles/DisplayC.dir/home/mdlos/.pico-sdk/sdk/2.1.0/src/rp2_common/hardware_clocks/clocks.c.o
 .bss.desc_str.0
                0x20002324       0x28 CMakeFiles/DisplayC.dir/home/mdlos/.pico-sdk/sdk/2.1.0/src/rp2_common/pico_stdio_usb/stdio_usb_descriptors.c.o
 .bss.drivers   0x2000234c        0x4 CMakeFiles/DisplayC.dir/home/mdlos/.pico-sdk/sdk/2.1.0/src/rp2_common/pico_stdio/stdio.c.o
 .bss.e15_last_sof
                0x20002350        0x4 CMakeFiles/DisplayC.dir/home/mdlos/.pico-sdk/sdk/2.1.0/lib/tinyusb/src/portable/raspberrypi/rp2040/rp2040_usb.c.o
                0x20002350                e15_last_sof
 .bss.errno     0x20002354        0x4 /home/mdlos/.pico-sdk/toolchain/13_3_Rel1/bin/../lib/gcc/arm-none-eabi/13.3.1/../../../../arm-none-eabi/lib/thumb/v6-m/nofp/libg.a(libc_a-reent.o)
                0x20002354                errno
 .bss.filter    0x20002358        0x4 CMakeFiles/DisplayC.dir/home/mdlos/.pico-sdk/sdk/2.1.0/src/rp2_common/pico_stdio/stdio.c.o
 .bss.heap_end.0
                0x2000235c        0x4 CMakeFiles/DisplayC.dir/home/mdlos/.pico-sdk/sdk/2.1.0/src/rp2_common/pico_clib_interface/newlib_interface.c.o
 .bss.hw_endpoints
                0x20002360      0x400 CMakeFiles/DisplayC.dir/home/mdlos/.pico-sdk/sdk/2.1.0/lib/tinyusb/src/portable/raspberrypi/rp2040/dcd_rp2040.c.o
 .bss.lazy_vsnprintf
                0x20002760        0x4 CMakeFiles/DisplayC.dir/home/mdlos/.pico-sdk/sdk/2.1.0/src/rp2_common/pico_printf/printf.c.o
 .bss.load_value
                0x20002764        0x4 CMakeFiles/DisplayC.dir/home/mdlos/.pico-sdk/sdk/2.1.0/src/rp2_common/hardware_watchdog/watchdog.c.o
 .bss.next_buffer_ptr
                0x20002768        0x4 CMakeFiles/DisplayC.dir/home/mdlos/.pico-sdk/sdk/2.1.0/lib/tinyusb/src/portable/raspberrypi/rp2040/dcd_rp2040.c.o
 .bss.object.0  0x2000276c       0x18 /home/mdlos/.pico-sdk/toolchain/13_3_Rel1/bin/../lib/gcc/arm-none-eabi/13.3.1/thumb/v6-m/nofp/crtbegin.o
 .bss.one_shot_timer_crit_sec
                0x20002784        0x8 CMakeFiles/DisplayC.dir/home/mdlos/.pico-sdk/sdk/2.1.0/src/rp2_common/pico_stdio_usb/stdio_usb.c.o
 .bss.pools     0x2000278c       0x10 CMakeFiles/DisplayC.dir/home/mdlos/.pico-sdk/sdk/2.1.0/src/common/pico_time/time.c.o
 .bss.raw_irq_mask
                0x2000279c        0x8 CMakeFiles/DisplayC.dir/home/mdlos/.pico-sdk/sdk/2.1.0/src/rp2_common/hardware_gpio/gpio.c.o
 .bss.retrieved_id
                0x200027a4        0x8 CMakeFiles/DisplayC.dir/home/mdlos/.pico-sdk/sdk/2.1.0/src/rp2_common/pico_unique_id/unique_id.c.o
 .bss.sf_clz_func
                0x200027ac        0x4 CMakeFiles/DisplayC.dir/home/mdlos/.pico-sdk/sdk/2.1.0/src/rp2_common/pico_double/double_init_rom_rp2040.c.o
                0x200027ac                sf_clz_func
 .bss.sleep_notifier
                0x200027b0        0x4 CMakeFiles/DisplayC.dir/home/mdlos/.pico-sdk/sdk/2.1.0/src/common/pico_time/time.c.o
 .bss.stdio_usb_mutex
                0x200027b4        0x8 CMakeFiles/DisplayC.dir/home/mdlos/.pico-sdk/sdk/2.1.0/src/rp2_common/pico_stdio_usb/stdio_usb.c.o
 .bss.usbd_serial_str
                0x200027bc       0x11 CMakeFiles/DisplayC.dir/home/mdlos/.pico-sdk/sdk/2.1.0/src/rp2_common/pico_stdio_usb/stdio_usb_descriptors.c.o
 .bss._app_driver_count
                0x200027cd        0x1 CMakeFiles/DisplayC.dir/home/mdlos/.pico-sdk/sdk/2.1.0/lib/tinyusb/src/device/usbd.c.o
 .bss._sof_enable
                0x200027ce        0x1 CMakeFiles/DisplayC.dir/home/mdlos/.pico-sdk/sdk/2.1.0/lib/tinyusb/src/portable/raspberrypi/rp2040/dcd_rp2040.c.o
 .bss._usbd_queued_setup
                0x200027cf        0x1 CMakeFiles/DisplayC.dir/home/mdlos/.pico-sdk/sdk/2.1.0/lib/tinyusb/src/device/usbd.c.o
 .bss.boot2_copyout_valid
                0x200027d0        0x1 CMakeFiles/DisplayC.dir/home/mdlos/.pico-sdk/sdk/2.1.0/src/rp2_common/hardware_flash/flash.c.o
 .bss.botao_a_pressionado
                0x200027d1        0x1 CMakeFiles/DisplayC.dir/DisplayC.c.o
                0x200027d1                botao_a_pressionado
 .bss.botao_joystick_pressionado
                0x200027d2        0x1 CMakeFiles/DisplayC.dir/DisplayC.c.o
                0x200027d2                botao_joystick_pressionado
 .bss.estilo_borda
                0x200027d3        0x1 CMakeFiles/DisplayC.dir/DisplayC.c.o
                0x200027d3                estilo_borda
 .bss.irq_handler_chain_free_slot_head
                0x200027d4        0x1 CMakeFiles/DisplayC.dir/home/mdlos/.pico-sdk/sdk/2.1.0/src/rp2_common/hardware_irq/irq.c.o
 .bss.itf_num   0x200027d5        0x1 CMakeFiles/DisplayC.dir/home/mdlos/.pico-sdk/sdk/2.1.0/src/rp2_common/pico_stdio_usb/reset_interface.c.o
 .bss.led_verde_ligado
                0x200027d6        0x1 CMakeFiles/DisplayC.dir/DisplayC.c.o
                0x200027d6                led_verde_ligado
 .bss.low_priority_irq_num
                0x200027d7        0x1 CMakeFiles/DisplayC.dir/home/mdlos/.pico-sdk/sdk/2.1.0/src/rp2_common/pico_stdio_usb/stdio_usb.c.o
 .bss.one_shot_timer_pending
                0x200027d8        0x1 CMakeFiles/DisplayC.dir/home/mdlos/.pico-sdk/sdk/2.1.0/src/rp2_common/pico_stdio_usb/stdio_usb.c.o
 .bss.user_irq_claimed
                0x200027d9        0x1 CMakeFiles/DisplayC.dir/home/mdlos/.pico-sdk/sdk/2.1.0/src/rp2_common/hardware_irq/irq.c.o
 *(COMMON)
                0x200027dc                        . = ALIGN (0x4)
 *fill*         0x200027da        0x2 
                0x200027dc                        __bss_end__ = .

.heap           0x200027dc      0x800 load address 0x10009fd8
                0x200027dc                        __end__ = .
                0x200027dc                        end = __end__
 *(.heap*)
 .heap          0x200027dc      0x800 CMakeFiles/DisplayC.dir/home/mdlos/.pico-sdk/sdk/2.1.0/src/rp2_common/pico_crt0/crt0.S.o